==========================================
[2026-08-26 22:41:43] Start running:
  dataset      : ETTh1
  model        : TimeLLM
  llm_model    : GPT2
  seq_len      : 512
  pred_len     : 96
  learning_rate: 0.01
  batch_size   : 24
==========================================
Downloading Model from https://www.modelscope.cn to directory: /home/Lain/.cache/modelscope/hub/models/AI-ModelScope/gpt2
	iters: 100, epoch: 1 | loss: 0.4998946
	speed: 0.0822s/iter; left time: 19251.2874s
	iters: 200, epoch: 1 | loss: 0.3975254
	speed: 0.0773s/iter; left time: 18089.2559s
	iters: 300, epoch: 1 | loss: 0.4237367
	speed: 0.0774s/iter; left time: 18095.3957s
	iters: 400, epoch: 1 | loss: 0.4548484
	speed: 0.0775s/iter; left time: 18109.5539s
	iters: 500, epoch: 1 | loss: 0.3884262
	speed: 0.0775s/iter; left time: 18119.0297s
	iters: 600, epoch: 1 | loss: 0.4322759
	speed: 0.0777s/iter; left time: 18145.1385s
	iters: 700, epoch: 1 | loss: 0.5025351
	speed: 0.0774s/iter; left time: 18082.4871s
	iters: 800, epoch: 1 | loss: 0.4463448
	speed: 0.0775s/iter; left time: 18081.3979s
	iters: 900, epoch: 1 | loss: 0.4247971
	speed: 0.0776s/iter; left time: 18095.1155s
	iters: 1000, epoch: 1 | loss: 0.3090648
	speed: 0.0777s/iter; left time: 18116.4834s
	iters: 1100, epoch: 1 | loss: 0.4991984
	speed: 0.0777s/iter; left time: 18122.2597s
	iters: 1200, epoch: 1 | loss: 0.3179719
	speed: 0.0776s/iter; left time: 18081.5009s
	iters: 1300, epoch: 1 | loss: 0.3379273
	speed: 0.0777s/iter; left time: 18104.1954s
	iters: 1400, epoch: 1 | loss: 0.4924315
	speed: 0.0778s/iter; left time: 18123.0502s
	iters: 1500, epoch: 1 | loss: 0.5025817
	speed: 0.0775s/iter; left time: 18028.9093s
	iters: 1600, epoch: 1 | loss: 0.5143779
	speed: 0.0774s/iter; left time: 18013.0389s
	iters: 1700, epoch: 1 | loss: 0.5772893
	speed: 0.0773s/iter; left time: 17981.6816s
	iters: 1800, epoch: 1 | loss: 0.2837386
	speed: 0.0777s/iter; left time: 18051.2206s
	iters: 1900, epoch: 1 | loss: 0.3598479
	speed: 0.0775s/iter; left time: 18005.3673s
	iters: 2000, epoch: 1 | loss: 0.5004740
	speed: 0.0776s/iter; left time: 18008.7075s
	iters: 2100, epoch: 1 | loss: 0.3148483
	speed: 0.0775s/iter; left time: 17995.4098s
	iters: 2200, epoch: 1 | loss: 0.3230409
	speed: 0.0774s/iter; left time: 17958.9788s
	iters: 2300, epoch: 1 | loss: 0.4067605
	speed: 0.0775s/iter; left time: 17968.7829s
Epoch: 1 cost time: 181.88648986816406
Epoch: 1 | Train Loss: 0.4225824 Vali Loss: 0.8398837 Test Loss: 0.4179896 MAE Loss: 0.4369984
lr = 0.0004000000
Updating learning rate to 0.0003999999999999993
	iters: 100, epoch: 2 | loss: 0.5400640
	speed: 0.6909s/iter; left time: 160121.0132s
	iters: 200, epoch: 2 | loss: 0.4424972
	speed: 0.0765s/iter; left time: 17729.9234s
	iters: 300, epoch: 2 | loss: 0.5587352
	speed: 0.0757s/iter; left time: 17532.6301s
	iters: 400, epoch: 2 | loss: 0.2859479
	speed: 0.0756s/iter; left time: 17490.8874s
	iters: 500, epoch: 2 | loss: 0.4582199
	speed: 0.0758s/iter; left time: 17527.2343s
	iters: 600, epoch: 2 | loss: 0.4444183
	speed: 0.0755s/iter; left time: 17456.6756s
	iters: 700, epoch: 2 | loss: 0.3518186
	speed: 0.0755s/iter; left time: 17451.3343s
	iters: 800, epoch: 2 | loss: 0.2496912
	speed: 0.0761s/iter; left time: 17574.8928s
