==========================================
[2026-08-25 23:27:42] Start running:
  dataset      : ETTh1
  model        : TimeLLM
  llm_model    : GPT2
  seq_len      : 512
  pred_len     : 96
  learning_rate: 0.01
  batch_size   : 24
==========================================
Downloading Model from https://www.modelscope.cn to directory: /home/Lain/.cache/modelscope/hub/models/AI-ModelScope/gpt2
2026-08-25 23:28:00,226 - modelscope - WARNING - Model revision not specified, use revision: v1.0.0
	iters: 100, epoch: 1 | loss: 0.3460778
	speed: 0.0775s/iter; left time: 18151.6606s
	iters: 200, epoch: 1 | loss: 0.3688523
	speed: 0.0723s/iter; left time: 16924.1454s
	iters: 300, epoch: 1 | loss: 0.3517915
	speed: 0.0724s/iter; left time: 16933.8374s
	iters: 400, epoch: 1 | loss: 0.3586499
	speed: 0.0725s/iter; left time: 16944.5752s
	iters: 500, epoch: 1 | loss: 0.2628628
	speed: 0.0724s/iter; left time: 16930.3445s
	iters: 600, epoch: 1 | loss: 0.3280846
	speed: 0.0715s/iter; left time: 16696.0139s
	iters: 700, epoch: 1 | loss: 0.3094918
	speed: 0.0711s/iter; left time: 16603.4919s
	iters: 800, epoch: 1 | loss: 0.3292767
	speed: 0.0712s/iter; left time: 16607.9469s
	iters: 900, epoch: 1 | loss: 0.2794253
	speed: 0.0710s/iter; left time: 16571.1869s
	iters: 1000, epoch: 1 | loss: 0.3232713
	speed: 0.0711s/iter; left time: 16585.3390s
	iters: 1100, epoch: 1 | loss: 0.3065986
	speed: 0.0725s/iter; left time: 16907.0879s
	iters: 1200, epoch: 1 | loss: 0.3047841
	speed: 0.0722s/iter; left time: 16833.3904s
	iters: 1300, epoch: 1 | loss: 0.2765154
	speed: 0.0712s/iter; left time: 16574.0368s
	iters: 1400, epoch: 1 | loss: 0.3002152
	speed: 0.0711s/iter; left time: 16546.1503s
	iters: 1500, epoch: 1 | loss: 0.1983818
	speed: 0.0713s/iter; left time: 16588.2605s
	iters: 1600, epoch: 1 | loss: 0.4292520
	speed: 0.0710s/iter; left time: 16515.3618s
	iters: 1700, epoch: 1 | loss: 0.2801986
	speed: 0.0709s/iter; left time: 16489.2054s
	iters: 1800, epoch: 1 | loss: 0.2661246
	speed: 0.0712s/iter; left time: 16552.7700s
	iters: 1900, epoch: 1 | loss: 0.3130839
	speed: 0.0710s/iter; left time: 16487.9303s
	iters: 2000, epoch: 1 | loss: 0.3290960
	speed: 0.0712s/iter; left time: 16528.0147s
	iters: 2100, epoch: 1 | loss: 0.5217219
	speed: 0.0710s/iter; left time: 16471.1784s
	iters: 2200, epoch: 1 | loss: 0.4153636
	speed: 0.0710s/iter; left time: 16473.6538s
	iters: 2300, epoch: 1 | loss: 0.3801259
	speed: 0.0710s/iter; left time: 16458.5976s
Epoch: 1 cost time: 167.8057599067688
Epoch: 1 | Train Loss: 0.3858159 Vali Loss: 0.7524643 Test Loss: 0.3982356 MAE Loss: 0.4225322
lr = 0.0004000000
Updating learning rate to 0.0003999999999999993
	iters: 100, epoch: 2 | loss: 0.3472033
	speed: 0.6731s/iter; left time: 156004.2340s
	iters: 200, epoch: 2 | loss: 0.3025092
	speed: 0.0689s/iter; left time: 15950.7207s
	iters: 300, epoch: 2 | loss: 0.3568555
	speed: 0.0690s/iter; left time: 15979.8000s
	iters: 400, epoch: 2 | loss: 0.3533362
	speed: 0.0690s/iter; left time: 15967.2294s
	iters: 500, epoch: 2 | loss: 0.3968733
	speed: 0.0689s/iter; left time: 15942.5185s
	iters: 600, epoch: 2 | loss: 0.3579806
	speed: 0.0689s/iter; left time: 15942.3102s
	iters: 700, epoch: 2 | loss: 0.3241414
	speed: 0.0691s/iter; left time: 15966.1016s
	iters: 800, epoch: 2 | loss: 0.3916370
	speed: 0.0688s/iter; left time: 15902.8057s
	iters: 900, epoch: 2 | loss: 0.2704094
	speed: 0.0693s/iter; left time: 16010.2958s
	iters: 1000, epoch: 2 | loss: 0.2973853
	speed: 0.0691s/iter; left time: 15956.3520s
	iters: 1100, epoch: 2 | loss: 0.3744268
	speed: 0.0696s/iter; left time: 16063.0541s
	iters: 1200, epoch: 2 | loss: 0.3568487
	speed: 0.0697s/iter; left time: 16077.3091s
	iters: 1300, epoch: 2 | loss: 0.3249981
	speed: 0.0700s/iter; left time: 16137.3193s
	iters: 1400, epoch: 2 | loss: 0.2959081
	speed: 0.0701s/iter; left time: 16158.2017s
	iters: 1500, epoch: 2 | loss: 0.2867768
	speed: 0.0700s/iter; left time: 16125.2613s
	iters: 1600, epoch: 2 | loss: 0.3015281
	speed: 0.0701s/iter; left time: 16129.6921s
	iters: 1700, epoch: 2 | loss: 0.3728815
	speed: 0.0704s/iter; left time: 16197.3917s
	iters: 1800, epoch: 2 | loss: 0.2422553
	speed: 0.0703s/iter; left time: 16175.8441s
	iters: 1900, epoch: 2 | loss: 0.1976600
	speed: 0.0701s/iter; left time: 16125.7226s
	iters: 2000, epoch: 2 | loss: 0.3464716
	speed: 0.0700s/iter; left time: 16099.4969s
	iters: 2100, epoch: 2 | loss: 0.3002726
	speed: 0.0702s/iter; left time: 16139.5078s
	iters: 2200, epoch: 2 | loss: 0.3238906
	speed: 0.0702s/iter; left time: 16124.8669s
	iters: 2300, epoch: 2 | loss: 0.3879258
	speed: 0.0703s/iter; left time: 16127.5593s
Epoch: 2 cost time: 163.1839783191681
Epoch: 2 | Train Loss: 0.3534582 Vali Loss: 0.8443585 Test Loss: 0.4097939 MAE Loss: 0.4285734
EarlyStopping counter: 1 out of 3
Updating learning rate to 0.00019999999999999966
	iters: 100, epoch: 3 | loss: 0.2946773
	speed: 0.6399s/iter; left time: 146804.6986s
	iters: 200, epoch: 3 | loss: 0.2321763
	speed: 0.0691s/iter; left time: 15838.3081s
	iters: 300, epoch: 3 | loss: 0.3273664
	speed: 0.0688s/iter; left time: 15780.9341s
	iters: 400, epoch: 3 | loss: 0.2680205
	speed: 0.0689s/iter; left time: 15789.1354s
	iters: 500, epoch: 3 | loss: 0.2087031
	speed: 0.0688s/iter; left time: 15744.9586s
	iters: 600, epoch: 3 | loss: 0.2493500
	speed: 0.0689s/iter; left time: 15766.8768s
	iters: 700, epoch: 3 | loss: 0.3583205
	speed: 0.0688s/iter; left time: 15749.0074s
	iters: 800, epoch: 3 | loss: 0.2699450
	speed: 0.0689s/iter; left time: 15747.6524s
	iters: 900, epoch: 3 | loss: 0.2798567
	speed: 0.0690s/iter; left time: 15771.0695s
	iters: 1000, epoch: 3 | loss: 0.3823170
	speed: 0.0690s/iter; left time: 15757.1957s
	iters: 1100, epoch: 3 | loss: 0.2985362
	speed: 0.0690s/iter; left time: 15761.9147s
	iters: 1200, epoch: 3 | loss: 0.2648120
	speed: 0.0688s/iter; left time: 15708.0019s
	iters: 1300, epoch: 3 | loss: 0.3547029
	speed: 0.0688s/iter; left time: 15707.6992s
	iters: 1400, epoch: 3 | loss: 0.2329461
	speed: 0.0688s/iter; left time: 15691.3389s
	iters: 1500, epoch: 3 | loss: 0.3042793
	speed: 0.0689s/iter; left time: 15718.5087s
	iters: 1600, epoch: 3 | loss: 0.3169467
	speed: 0.0689s/iter; left time: 15712.1264s
	iters: 1700, epoch: 3 | loss: 0.3230633
	speed: 0.0689s/iter; left time: 15697.3335s
	iters: 1800, epoch: 3 | loss: 0.3082174
	speed: 0.0688s/iter; left time: 15658.9251s
	iters: 1900, epoch: 3 | loss: 0.2892745
	speed: 0.0690s/iter; left time: 15695.8261s
	iters: 2000, epoch: 3 | loss: 0.4091676
	speed: 0.0689s/iter; left time: 15664.7803s
	iters: 2100, epoch: 3 | loss: 0.2735185
	speed: 0.0688s/iter; left time: 15644.5353s
	iters: 2200, epoch: 3 | loss: 0.3211771
	speed: 0.0689s/iter; left time: 15673.1077s
	iters: 2300, epoch: 3 | loss: 0.2661985
	speed: 0.0688s/iter; left time: 15643.3124s
Epoch: 3 cost time: 161.49622201919556
Epoch: 3 | Train Loss: 0.3263024 Vali Loss: 0.8727923 Test Loss: 0.4278403 MAE Loss: 0.4419384
EarlyStopping counter: 2 out of 3
Updating learning rate to 9.999999999999983e-05
	iters: 100, epoch: 4 | loss: 0.3146268
	speed: 0.6378s/iter; left time: 144826.1021s
	iters: 200, epoch: 4 | loss: 0.3112699
	speed: 0.0697s/iter; left time: 15817.0773s
	iters: 300, epoch: 4 | loss: 0.3158222
	speed: 0.0699s/iter; left time: 15862.4847s
	iters: 400, epoch: 4 | loss: 0.2756464
	speed: 0.0700s/iter; left time: 15871.0784s
	iters: 500, epoch: 4 | loss: 0.2670895
	speed: 0.0701s/iter; left time: 15883.4760s
	iters: 600, epoch: 4 | loss: 0.2532690
	speed: 0.0702s/iter; left time: 15901.8446s
	iters: 700, epoch: 4 | loss: 0.3098275
	speed: 0.0701s/iter; left time: 15879.9412s
	iters: 800, epoch: 4 | loss: 0.4254080
	speed: 0.0700s/iter; left time: 15849.4597s
	iters: 900, epoch: 4 | loss: 0.2990295
	speed: 0.0700s/iter; left time: 15829.2173s
	iters: 1000, epoch: 4 | loss: 0.2804135
	speed: 0.0701s/iter; left time: 15861.5029s
	iters: 1100, epoch: 4 | loss: 0.2175952
	speed: 0.0703s/iter; left time: 15887.1240s
	iters: 1200, epoch: 4 | loss: 0.4837904
	speed: 0.0703s/iter; left time: 15883.7969s
	iters: 1300, epoch: 4 | loss: 0.1777072
	speed: 0.0703s/iter; left time: 15873.3627s
	iters: 1400, epoch: 4 | loss: 0.3379327
	speed: 0.0700s/iter; left time: 15794.5107s
	iters: 1500, epoch: 4 | loss: 0.3568901
	speed: 0.0687s/iter; left time: 15502.5761s
	iters: 1600, epoch: 4 | loss: 0.2734853
	speed: 0.0688s/iter; left time: 15508.4211s
	iters: 1700, epoch: 4 | loss: 0.2804908
	speed: 0.0687s/iter; left time: 15499.3178s
	iters: 1800, epoch: 4 | loss: 0.4307200
	speed: 0.0688s/iter; left time: 15511.4987s
	iters: 1900, epoch: 4 | loss: 0.2455589
	speed: 0.0688s/iter; left time: 15495.5382s
	iters: 2000, epoch: 4 | loss: 0.3342907
	speed: 0.0687s/iter; left time: 15477.5488s
	iters: 2100, epoch: 4 | loss: 0.4452576
	speed: 0.0689s/iter; left time: 15508.4442s
	iters: 2200, epoch: 4 | loss: 0.2217709
	speed: 0.0687s/iter; left time: 15458.0243s
	iters: 2300, epoch: 4 | loss: 0.2242448
	speed: 0.0690s/iter; left time: 15510.9736s
Epoch: 4 cost time: 162.97957134246826
Epoch: 4 | Train Loss: 0.3095288 Vali Loss: 0.8820681 Test Loss: 0.4249269 MAE Loss: 0.4386710
EarlyStopping counter: 3 out of 3
Early stopping
[W825 23:42:35.229970663 AllocatorConfig.cpp:28] Warning: PYTORCH_CUDA_ALLOC_CONF is deprecated, use PYTORCH_ALLOC_CONF instead (function operator())
==========================================
[2026-08-25 23:42:35] Start running:
  dataset      : ETTh1
  model        : TimeLLM
  llm_model    : GPT2
  seq_len      : 512
  pred_len     : 192
  learning_rate: 0.02
  batch_size   : 24
==========================================
Downloading Model from https://www.modelscope.cn to directory: /home/Lain/.cache/modelscope/hub/models/AI-ModelScope/gpt2
2026-08-25 23:42:42,155 - modelscope - WARNING - Model revision not specified, use revision: v1.0.0
	iters: 100, epoch: 1 | loss: 0.3265092
	speed: 0.0760s/iter; left time: 17584.7676s
	iters: 200, epoch: 1 | loss: 0.3664323
	speed: 0.0714s/iter; left time: 16501.7323s
	iters: 300, epoch: 1 | loss: 0.4565097
	speed: 0.0715s/iter; left time: 16520.5894s
	iters: 400, epoch: 1 | loss: 0.4852761
	speed: 0.0714s/iter; left time: 16487.0774s
	iters: 500, epoch: 1 | loss: 0.7000762
	speed: 0.0711s/iter; left time: 16427.6912s
	iters: 600, epoch: 1 | loss: 0.3581540
	speed: 0.0713s/iter; left time: 16463.3757s
	iters: 700, epoch: 1 | loss: 0.2890799
	speed: 0.0713s/iter; left time: 16439.6299s
	iters: 800, epoch: 1 | loss: 0.3340901
	speed: 0.0713s/iter; left time: 16436.7731s
	iters: 900, epoch: 1 | loss: 0.5855806
	speed: 0.0713s/iter; left time: 16432.9668s
	iters: 1000, epoch: 1 | loss: 0.4338479
	speed: 0.0712s/iter; left time: 16404.5004s
	iters: 1100, epoch: 1 | loss: 0.3398390
	speed: 0.0713s/iter; left time: 16419.2278s
	iters: 1200, epoch: 1 | loss: 0.3014073
	speed: 0.0713s/iter; left time: 16406.7641s
	iters: 1300, epoch: 1 | loss: 0.2996398
	speed: 0.0712s/iter; left time: 16374.0035s
	iters: 1400, epoch: 1 | loss: 0.3864210
	speed: 0.0713s/iter; left time: 16391.6878s
	iters: 1500, epoch: 1 | loss: 0.4295031
	speed: 0.0712s/iter; left time: 16378.0498s
	iters: 1600, epoch: 1 | loss: 0.5224845
	speed: 0.0713s/iter; left time: 16379.8932s
	iters: 1700, epoch: 1 | loss: 0.5062429
	speed: 0.0715s/iter; left time: 16415.3845s
	iters: 1800, epoch: 1 | loss: 0.5215178
	speed: 0.0719s/iter; left time: 16509.5514s
	iters: 1900, epoch: 1 | loss: 0.2999434
	speed: 0.0720s/iter; left time: 16516.5063s
	iters: 2000, epoch: 1 | loss: 0.4312199
	speed: 0.0720s/iter; left time: 16510.1804s
	iters: 2100, epoch: 1 | loss: 0.3504575
	speed: 0.0721s/iter; left time: 16540.1734s
	iters: 2200, epoch: 1 | loss: 0.4197467
	speed: 0.0722s/iter; left time: 16551.3402s
	iters: 2300, epoch: 1 | loss: 0.3577240
	speed: 0.0725s/iter; left time: 16600.1965s
Epoch: 1 cost time: 165.8195390701294
Epoch: 1 | Train Loss: 0.4377048 Vali Loss: 1.2300271 Test Loss: 0.4559119 MAE Loss: 0.4555752
lr = 0.0008000000
Updating learning rate to 0.0007999999999999986
	iters: 100, epoch: 2 | loss: 0.3867083
	speed: 0.6594s/iter; left time: 150998.6931s
	iters: 200, epoch: 2 | loss: 0.3884478
	speed: 0.0690s/iter; left time: 15797.8035s
	iters: 300, epoch: 2 | loss: 0.4188843
	speed: 0.0690s/iter; left time: 15795.7399s
	iters: 400, epoch: 2 | loss: 0.5535748
	speed: 0.0691s/iter; left time: 15801.3554s
	iters: 500, epoch: 2 | loss: 0.4205796
	speed: 0.0690s/iter; left time: 15783.8538s
	iters: 600, epoch: 2 | loss: 0.3842422
	speed: 0.0690s/iter; left time: 15759.7880s
	iters: 700, epoch: 2 | loss: 0.4089279
	speed: 0.0689s/iter; left time: 15740.0339s
	iters: 800, epoch: 2 | loss: 0.3153184
	speed: 0.0691s/iter; left time: 15767.8257s
	iters: 900, epoch: 2 | loss: 0.3599879
	speed: 0.0690s/iter; left time: 15753.4947s
	iters: 1000, epoch: 2 | loss: 0.3433923
	speed: 0.0692s/iter; left time: 15776.6012s
	iters: 1100, epoch: 2 | loss: 0.3796600
	speed: 0.0691s/iter; left time: 15752.7012s
	iters: 1200, epoch: 2 | loss: 0.4773102
	speed: 0.0689s/iter; left time: 15711.8056s
	iters: 1300, epoch: 2 | loss: 0.5227082
	speed: 0.0692s/iter; left time: 15753.2664s
	iters: 1400, epoch: 2 | loss: 0.3731010
	speed: 0.0690s/iter; left time: 15710.1416s
	iters: 1500, epoch: 2 | loss: 0.3872634
	speed: 0.0688s/iter; left time: 15668.8744s
	iters: 1600, epoch: 2 | loss: 0.3595005
	speed: 0.0691s/iter; left time: 15724.6829s
	iters: 1700, epoch: 2 | loss: 0.3790010
	speed: 0.0691s/iter; left time: 15703.4316s
	iters: 1800, epoch: 2 | loss: 0.4403375
	speed: 0.0690s/iter; left time: 15686.8983s
	iters: 1900, epoch: 2 | loss: 0.4490524
	speed: 0.0690s/iter; left time: 15683.9733s
	iters: 2000, epoch: 2 | loss: 0.3564359
	speed: 0.0690s/iter; left time: 15674.5116s
	iters: 2100, epoch: 2 | loss: 0.3934548
	speed: 0.0690s/iter; left time: 15670.6295s
	iters: 2200, epoch: 2 | loss: 0.3367020
	speed: 0.0690s/iter; left time: 15657.4265s
	iters: 2300, epoch: 2 | loss: 0.3103758
	speed: 0.0690s/iter; left time: 15645.1163s
Epoch: 2 cost time: 160.01727032661438
Epoch: 2 | Train Loss: 0.4063692 Vali Loss: 1.3640920 Test Loss: 0.4727451 MAE Loss: 0.4724455
EarlyStopping counter: 1 out of 3
Updating learning rate to 0.0003999999999999993
	iters: 100, epoch: 3 | loss: 0.2938508
	speed: 0.6038s/iter; left time: 136872.7177s
	iters: 200, epoch: 3 | loss: 0.3478756
	speed: 0.0689s/iter; left time: 15620.1561s
	iters: 300, epoch: 3 | loss: 0.3474407
	speed: 0.0690s/iter; left time: 15623.0087s
	iters: 400, epoch: 3 | loss: 0.3677401
	speed: 0.0690s/iter; left time: 15629.3852s
	iters: 500, epoch: 3 | loss: 0.4466342
	speed: 0.0691s/iter; left time: 15627.8050s
	iters: 600, epoch: 3 | loss: 0.4156601
	speed: 0.0694s/iter; left time: 15690.4936s
	iters: 700, epoch: 3 | loss: 0.3789530
	speed: 0.0696s/iter; left time: 15745.8215s
	iters: 800, epoch: 3 | loss: 0.4455923
	speed: 0.0700s/iter; left time: 15812.5333s
	iters: 900, epoch: 3 | loss: 0.2981569
	speed: 0.0701s/iter; left time: 15825.7288s
	iters: 1000, epoch: 3 | loss: 0.3626789
	speed: 0.0701s/iter; left time: 15826.0656s
	iters: 1100, epoch: 3 | loss: 0.2824723
	speed: 0.0702s/iter; left time: 15839.3827s
	iters: 1200, epoch: 3 | loss: 0.4623219
	speed: 0.0705s/iter; left time: 15895.4010s
	iters: 1300, epoch: 3 | loss: 0.3176135
	speed: 0.0706s/iter; left time: 15922.3281s
	iters: 1400, epoch: 3 | loss: 0.3674529
	speed: 0.0703s/iter; left time: 15835.1014s
	iters: 1500, epoch: 3 | loss: 0.3582870
	speed: 0.0706s/iter; left time: 15894.0077s
	iters: 1600, epoch: 3 | loss: 0.3640905
	speed: 0.0703s/iter; left time: 15835.1324s
	iters: 1700, epoch: 3 | loss: 0.3219627
	speed: 0.0705s/iter; left time: 15861.1281s
	iters: 1800, epoch: 3 | loss: 0.3164858
	speed: 0.0703s/iter; left time: 15810.6194s
	iters: 1900, epoch: 3 | loss: 0.3542716
	speed: 0.0702s/iter; left time: 15779.4187s
	iters: 2000, epoch: 3 | loss: 0.3869663
	speed: 0.0707s/iter; left time: 15882.7822s
	iters: 2100, epoch: 3 | loss: 0.4573628
	speed: 0.0690s/iter; left time: 15493.6706s
	iters: 2200, epoch: 3 | loss: 0.3939317
	speed: 0.0691s/iter; left time: 15528.4952s
	iters: 2300, epoch: 3 | loss: 0.3721446
	speed: 0.0690s/iter; left time: 15492.3659s
Epoch: 3 cost time: 161.66286158561707
Epoch: 3 | Train Loss: 0.3620641 Vali Loss: 1.2706202 Test Loss: 0.5019142 MAE Loss: 0.4897852
EarlyStopping counter: 2 out of 3
Updating learning rate to 0.00019999999999999966
	iters: 100, epoch: 4 | loss: 0.1674791
	speed: 0.6037s/iter; left time: 135438.4121s
	iters: 200, epoch: 4 | loss: 0.2600349
	speed: 0.0690s/iter; left time: 15482.0245s
	iters: 300, epoch: 4 | loss: 0.3721932
	speed: 0.0690s/iter; left time: 15466.4571s
	iters: 400, epoch: 4 | loss: 0.3116491
	speed: 0.0692s/iter; left time: 15499.8060s
	iters: 500, epoch: 4 | loss: 0.3464437
	speed: 0.0690s/iter; left time: 15442.6330s
	iters: 600, epoch: 4 | loss: 0.2928489
	speed: 0.0692s/iter; left time: 15501.9650s
	iters: 700, epoch: 4 | loss: 0.3831357
	speed: 0.0690s/iter; left time: 15445.6679s
	iters: 800, epoch: 4 | loss: 0.2677289
	speed: 0.0690s/iter; left time: 15432.6435s
	iters: 900, epoch: 4 | loss: 0.3229651
	speed: 0.0690s/iter; left time: 15418.0009s
	iters: 1000, epoch: 4 | loss: 0.3720228
	speed: 0.0690s/iter; left time: 15410.4554s
	iters: 1100, epoch: 4 | loss: 0.2415877
	speed: 0.0689s/iter; left time: 15390.5824s
	iters: 1200, epoch: 4 | loss: 0.3469269
	speed: 0.0691s/iter; left time: 15425.7030s
	iters: 1300, epoch: 4 | loss: 0.3356633
	speed: 0.0691s/iter; left time: 15414.7543s
	iters: 1400, epoch: 4 | loss: 0.4891751
	speed: 0.0690s/iter; left time: 15390.0315s
	iters: 1500, epoch: 4 | loss: 0.3713830
	speed: 0.0691s/iter; left time: 15396.0636s
	iters: 1600, epoch: 4 | loss: 0.4043302
	speed: 0.0690s/iter; left time: 15366.8028s
	iters: 1700, epoch: 4 | loss: 0.3404308
	speed: 0.0691s/iter; left time: 15382.9768s
	iters: 1800, epoch: 4 | loss: 0.4015373
	speed: 0.0690s/iter; left time: 15359.9723s
	iters: 1900, epoch: 4 | loss: 0.2972787
	speed: 0.0691s/iter; left time: 15370.4316s
	iters: 2000, epoch: 4 | loss: 0.3449740
	speed: 0.0691s/iter; left time: 15371.3018s
	iters: 2100, epoch: 4 | loss: 0.3625249
	speed: 0.0690s/iter; left time: 15332.5760s
	iters: 2200, epoch: 4 | loss: 0.3529023
	speed: 0.0692s/iter; left time: 15383.9369s
	iters: 2300, epoch: 4 | loss: 0.3991920
	speed: 0.0691s/iter; left time: 15347.0742s
Epoch: 4 cost time: 159.91765117645264
Epoch: 4 | Train Loss: 0.3331594 Vali Loss: 1.2592895 Test Loss: 0.4971759 MAE Loss: 0.4826681
EarlyStopping counter: 3 out of 3
Early stopping
[W825 23:57:05.302870135 AllocatorConfig.cpp:28] Warning: PYTORCH_CUDA_ALLOC_CONF is deprecated, use PYTORCH_ALLOC_CONF instead (function operator())
==========================================
[2026-08-25 23:57:06] Start running:
  dataset      : ETTh1
  model        : TimeLLM
  llm_model    : GPT2
  seq_len      : 512
  pred_len     : 336
  learning_rate: 0.001
  batch_size   : 24
==========================================
Downloading Model from https://www.modelscope.cn to directory: /home/Lain/.cache/modelscope/hub/models/AI-ModelScope/gpt2
2026-08-25 23:57:14,908 - modelscope - WARNING - Model revision not specified, use revision: v1.0.0
	iters: 100, epoch: 1 | loss: 0.4263814
	speed: 0.0759s/iter; left time: 17245.0869s
	iters: 200, epoch: 1 | loss: 0.6588635
	speed: 0.0711s/iter; left time: 16145.9066s
	iters: 300, epoch: 1 | loss: 0.3134110
	speed: 0.0714s/iter; left time: 16201.3467s
	iters: 400, epoch: 1 | loss: 0.4771202
	speed: 0.0711s/iter; left time: 16135.6518s
	iters: 500, epoch: 1 | loss: 0.4021712
	speed: 0.0711s/iter; left time: 16124.9630s
	iters: 600, epoch: 1 | loss: 0.4958449
	speed: 0.0712s/iter; left time: 16124.2209s
	iters: 700, epoch: 1 | loss: 0.6643315
	speed: 0.0714s/iter; left time: 16170.1687s
	iters: 800, epoch: 1 | loss: 0.4790082
	speed: 0.0718s/iter; left time: 16260.2999s
	iters: 900, epoch: 1 | loss: 0.4277540
	speed: 0.0720s/iter; left time: 16299.7123s
	iters: 1000, epoch: 1 | loss: 0.4490532
	speed: 0.0723s/iter; left time: 16347.8429s
	iters: 1100, epoch: 1 | loss: 0.5312362
	speed: 0.0722s/iter; left time: 16330.5163s
	iters: 1200, epoch: 1 | loss: 0.5588504
	speed: 0.0724s/iter; left time: 16358.0217s
	iters: 1300, epoch: 1 | loss: 0.3533330
	speed: 0.0725s/iter; left time: 16378.6465s
	iters: 1400, epoch: 1 | loss: 0.4969176
	speed: 0.0723s/iter; left time: 16326.3781s
	iters: 1500, epoch: 1 | loss: 0.3165041
	speed: 0.0727s/iter; left time: 16413.9030s
	iters: 1600, epoch: 1 | loss: 0.4039338
	speed: 0.0726s/iter; left time: 16379.7315s
	iters: 1700, epoch: 1 | loss: 0.4525865
	speed: 0.0725s/iter; left time: 16342.2805s
	iters: 1800, epoch: 1 | loss: 0.5561517
	speed: 0.0725s/iter; left time: 16340.7530s
	iters: 1900, epoch: 1 | loss: 0.3990567
	speed: 0.0728s/iter; left time: 16408.8416s
	iters: 2000, epoch: 1 | loss: 0.7050187
	speed: 0.0728s/iter; left time: 16384.4683s
	iters: 2100, epoch: 1 | loss: 0.5721854
	speed: 0.0725s/iter; left time: 16321.7218s
	iters: 2200, epoch: 1 | loss: 0.4173331
	speed: 0.0720s/iter; left time: 16192.3774s
Epoch: 1 cost time: 163.90704083442688
Epoch: 1 | Train Loss: 0.4860129 Vali Loss: 1.6490903 Test Loss: 0.4817322 MAE Loss: 0.4802214
lr = 0.0009938442
	iters: 100, epoch: 2 | loss: 0.5502356
	speed: 0.6492s/iter; left time: 145966.0128s
	iters: 200, epoch: 2 | loss: 0.5517643
	speed: 0.0691s/iter; left time: 15538.9355s
	iters: 300, epoch: 2 | loss: 0.5723767
	speed: 0.0690s/iter; left time: 15494.6385s
	iters: 400, epoch: 2 | loss: 0.4296730
	speed: 0.0691s/iter; left time: 15507.6759s
	iters: 500, epoch: 2 | loss: 0.7623502
	speed: 0.0691s/iter; left time: 15509.2357s
	iters: 600, epoch: 2 | loss: 0.4550974
	speed: 0.0689s/iter; left time: 15467.0085s
	iters: 700, epoch: 2 | loss: 0.3889767
	speed: 0.0690s/iter; left time: 15470.2140s
	iters: 800, epoch: 2 | loss: 0.3588470
	speed: 0.0691s/iter; left time: 15484.9795s
	iters: 900, epoch: 2 | loss: 0.3056223
	speed: 0.0690s/iter; left time: 15462.7614s
	iters: 1000, epoch: 2 | loss: 0.3658375
	speed: 0.0691s/iter; left time: 15469.1611s
	iters: 1100, epoch: 2 | loss: 0.4655790
	speed: 0.0689s/iter; left time: 15426.3058s
	iters: 1200, epoch: 2 | loss: 0.6082031
	speed: 0.0692s/iter; left time: 15479.9725s
	iters: 1300, epoch: 2 | loss: 0.4379308
	speed: 0.0691s/iter; left time: 15450.1174s
	iters: 1400, epoch: 2 | loss: 0.3468429
	speed: 0.0690s/iter; left time: 15430.4022s
	iters: 1500, epoch: 2 | loss: 0.6219808
	speed: 0.0690s/iter; left time: 15410.5008s
	iters: 1600, epoch: 2 | loss: 0.5446707
	speed: 0.0691s/iter; left time: 15431.1236s
	iters: 1700, epoch: 2 | loss: 0.5921090
	speed: 0.0690s/iter; left time: 15396.6051s
	iters: 1800, epoch: 2 | loss: 0.3888686
	speed: 0.0689s/iter; left time: 15370.2555s
	iters: 1900, epoch: 2 | loss: 0.4034397
	speed: 0.0691s/iter; left time: 15410.1428s
	iters: 2000, epoch: 2 | loss: 0.4965454
	speed: 0.0690s/iter; left time: 15373.3261s
	iters: 2100, epoch: 2 | loss: 0.5350338
	speed: 0.0691s/iter; left time: 15399.9805s
	iters: 2200, epoch: 2 | loss: 0.5009166
	speed: 0.0690s/iter; left time: 15375.8572s
Epoch: 2 cost time: 157.0245463848114
Epoch: 2 | Train Loss: 0.4428651 Vali Loss: 1.9681754 Test Loss: 0.5654406 MAE Loss: 0.5422721
EarlyStopping counter: 1 out of 3
lr = 0.0009755285
	iters: 100, epoch: 3 | loss: 0.4022046
	speed: 0.6145s/iter; left time: 136771.3583s
	iters: 200, epoch: 3 | loss: 0.4414445
	speed: 0.0691s/iter; left time: 15372.5405s
	iters: 300, epoch: 3 | loss: 0.5803260
	speed: 0.0691s/iter; left time: 15369.5946s
	iters: 400, epoch: 3 | loss: 0.4466798
	speed: 0.0691s/iter; left time: 15368.5559s
	iters: 500, epoch: 3 | loss: 0.2976865
	speed: 0.0689s/iter; left time: 15305.4205s
	iters: 600, epoch: 3 | loss: 0.3920602
	speed: 0.0690s/iter; left time: 15319.2681s
	iters: 700, epoch: 3 | loss: 0.5025611
	speed: 0.0690s/iter; left time: 15306.7319s
	iters: 800, epoch: 3 | loss: 0.4244321
	speed: 0.0691s/iter; left time: 15337.4639s
	iters: 900, epoch: 3 | loss: 0.3669434
	speed: 0.0689s/iter; left time: 15285.6690s
	iters: 1000, epoch: 3 | loss: 0.3352006
	speed: 0.0690s/iter; left time: 15289.3376s
	iters: 1100, epoch: 3 | loss: 0.3968428
	speed: 0.0691s/iter; left time: 15298.6936s
	iters: 1200, epoch: 3 | loss: 0.3458247
	speed: 0.0690s/iter; left time: 15281.8801s
	iters: 1300, epoch: 3 | loss: 0.3329068
	speed: 0.0690s/iter; left time: 15266.0377s
	iters: 1400, epoch: 3 | loss: 0.4434459
	speed: 0.0690s/iter; left time: 15271.2150s
	iters: 1500, epoch: 3 | loss: 0.3436562
	speed: 0.0690s/iter; left time: 15264.8582s
	iters: 1600, epoch: 3 | loss: 0.4257247
	speed: 0.0691s/iter; left time: 15272.9961s
	iters: 1700, epoch: 3 | loss: 0.3828837
	speed: 0.0691s/iter; left time: 15270.8203s
	iters: 1800, epoch: 3 | loss: 0.4049312
	speed: 0.0689s/iter; left time: 15217.7931s
	iters: 1900, epoch: 3 | loss: 0.3740727
	speed: 0.0693s/iter; left time: 15299.9150s
	iters: 2000, epoch: 3 | loss: 0.3247253
	speed: 0.0695s/iter; left time: 15340.1775s
	iters: 2100, epoch: 3 | loss: 0.2913124
	speed: 0.0696s/iter; left time: 15349.2686s
	iters: 2200, epoch: 3 | loss: 0.3573051
	speed: 0.0701s/iter; left time: 15445.7836s
Epoch: 3 cost time: 157.29632329940796
Epoch: 3 | Train Loss: 0.4100590 Vali Loss: 2.0762902 Test Loss: 0.5981269 MAE Loss: 0.5609076
EarlyStopping counter: 2 out of 3
lr = 0.0009455038
	iters: 100, epoch: 4 | loss: 0.3103518
	speed: 0.6327s/iter; left time: 139365.3354s
	iters: 200, epoch: 4 | loss: 0.4070705
	speed: 0.0704s/iter; left time: 15494.7312s
	iters: 300, epoch: 4 | loss: 0.3899499
	speed: 0.0704s/iter; left time: 15498.3633s
	iters: 400, epoch: 4 | loss: 0.4400375
	speed: 0.0705s/iter; left time: 15505.8117s
	iters: 500, epoch: 4 | loss: 0.4180278
	speed: 0.0692s/iter; left time: 15220.8055s
	iters: 600, epoch: 4 | loss: 0.3364246
	speed: 0.0690s/iter; left time: 15172.9541s
	iters: 700, epoch: 4 | loss: 0.4154143
	speed: 0.0691s/iter; left time: 15176.4578s
	iters: 800, epoch: 4 | loss: 0.3827618
	speed: 0.0690s/iter; left time: 15151.1835s
	iters: 900, epoch: 4 | loss: 0.4355716
	speed: 0.0691s/iter; left time: 15175.3102s
	iters: 1000, epoch: 4 | loss: 0.5176198
	speed: 0.0690s/iter; left time: 15147.8370s
	iters: 1100, epoch: 4 | loss: 0.5044219
	speed: 0.0694s/iter; left time: 15221.5328s
	iters: 1200, epoch: 4 | loss: 0.4098470
	speed: 0.0692s/iter; left time: 15173.6620s
	iters: 1300, epoch: 4 | loss: 0.3255738
	speed: 0.0691s/iter; left time: 15132.6388s
	iters: 1400, epoch: 4 | loss: 0.4090089
	speed: 0.0691s/iter; left time: 15135.6802s
	iters: 1500, epoch: 4 | loss: 0.3664753
	speed: 0.0690s/iter; left time: 15109.1595s
	iters: 1600, epoch: 4 | loss: 0.3187857
	speed: 0.0689s/iter; left time: 15083.5784s
	iters: 1700, epoch: 4 | loss: 0.4068156
	speed: 0.0692s/iter; left time: 15127.7127s
	iters: 1800, epoch: 4 | loss: 0.4395977
	speed: 0.0691s/iter; left time: 15097.3742s
	iters: 1900, epoch: 4 | loss: 0.4472380
	speed: 0.0691s/iter; left time: 15090.7403s
	iters: 2000, epoch: 4 | loss: 0.3046271
	speed: 0.0690s/iter; left time: 15075.4729s
	iters: 2100, epoch: 4 | loss: 0.3841346
	speed: 0.0691s/iter; left time: 15076.9919s
	iters: 2200, epoch: 4 | loss: 0.3809458
	speed: 0.0691s/iter; left time: 15082.9592s
Epoch: 4 cost time: 157.722895860672
Epoch: 4 | Train Loss: 0.3859833 Vali Loss: 1.6760325 Test Loss: 0.5745192 MAE Loss: 0.5356271
EarlyStopping counter: 3 out of 3
Early stopping
[W826 00:11:14.185355637 AllocatorConfig.cpp:28] Warning: PYTORCH_CUDA_ALLOC_CONF is deprecated, use PYTORCH_ALLOC_CONF instead (function operator())
==========================================
[2026-08-26 00:11:14] Start running:
  dataset      : ETTh1
  model        : TimeLLM
  llm_model    : GPT2
  seq_len      : 512
  pred_len     : 720
  learning_rate: 0.01
  batch_size   : 24
==========================================
Downloading Model from https://www.modelscope.cn to directory: /home/Lain/.cache/modelscope/hub/models/AI-ModelScope/gpt2
2026-08-26 00:11:26,001 - modelscope - WARNING - Model revision not specified, use revision: v1.0.0
	iters: 100, epoch: 1 | loss: 0.6766485
	speed: 0.0765s/iter; left time: 16522.4590s
	iters: 200, epoch: 1 | loss: 0.7456484
	speed: 0.0717s/iter; left time: 15470.8373s
	iters: 300, epoch: 1 | loss: 0.4394167
	speed: 0.0717s/iter; left time: 15464.8444s
	iters: 400, epoch: 1 | loss: 0.4906892
	speed: 0.0716s/iter; left time: 15441.6771s
	iters: 500, epoch: 1 | loss: 0.6315764
	speed: 0.0717s/iter; left time: 15453.4945s
	iters: 600, epoch: 1 | loss: 0.5701542
	speed: 0.0718s/iter; left time: 15455.2630s
	iters: 700, epoch: 1 | loss: 0.9033371
	speed: 0.0717s/iter; left time: 15434.3988s
	iters: 800, epoch: 1 | loss: 0.7193160
	speed: 0.0729s/iter; left time: 15693.4811s
	iters: 900, epoch: 1 | loss: 0.4468994
	speed: 0.0732s/iter; left time: 15736.6896s
	iters: 1000, epoch: 1 | loss: 0.3661534
	speed: 0.0726s/iter; left time: 15609.1618s
	iters: 1100, epoch: 1 | loss: 0.6426780
	speed: 0.0734s/iter; left time: 15784.2100s
	iters: 1200, epoch: 1 | loss: 0.5866218
	speed: 0.0716s/iter; left time: 15379.7989s
	iters: 1300, epoch: 1 | loss: 0.4826539
	speed: 0.0717s/iter; left time: 15403.9321s
	iters: 1400, epoch: 1 | loss: 0.3794180
	speed: 0.0716s/iter; left time: 15357.8896s
	iters: 1500, epoch: 1 | loss: 0.5378994
	speed: 0.0718s/iter; left time: 15410.7353s
	iters: 1600, epoch: 1 | loss: 0.5515163
	speed: 0.0718s/iter; left time: 15395.5321s
	iters: 1700, epoch: 1 | loss: 0.4901857
	speed: 0.0717s/iter; left time: 15361.8452s
	iters: 1800, epoch: 1 | loss: 0.4601229
	speed: 0.0717s/iter; left time: 15353.6983s
	iters: 1900, epoch: 1 | loss: 0.4405490
	speed: 0.0733s/iter; left time: 15692.9768s
	iters: 2000, epoch: 1 | loss: 0.5241154
	speed: 0.0736s/iter; left time: 15746.7916s
	iters: 2100, epoch: 1 | loss: 0.4365682
	speed: 0.0736s/iter; left time: 15743.3469s
Epoch: 1 cost time: 156.39755415916443
Epoch: 1 | Train Loss: 0.5424592 Vali Loss: 1.9808073 Test Loss: 0.4692141 MAE Loss: 0.4782054
lr = 0.0004000000
Updating learning rate to 0.0003999999999999993
	iters: 100, epoch: 2 | loss: 0.4336328
	speed: 0.5737s/iter; left time: 122633.2796s
	iters: 200, epoch: 2 | loss: 0.5439335
	speed: 0.0697s/iter; left time: 14897.9302s
	iters: 300, epoch: 2 | loss: 0.4486920
	speed: 0.0694s/iter; left time: 14827.1079s
	iters: 400, epoch: 2 | loss: 0.3988854
	speed: 0.0697s/iter; left time: 14882.4502s
	iters: 500, epoch: 2 | loss: 0.3847152
	speed: 0.0700s/iter; left time: 14934.3781s
	iters: 600, epoch: 2 | loss: 0.4629976
	speed: 0.0704s/iter; left time: 15006.9145s
	iters: 700, epoch: 2 | loss: 0.4444726
	speed: 0.0706s/iter; left time: 15038.9926s
	iters: 800, epoch: 2 | loss: 0.3507066
	speed: 0.0708s/iter; left time: 15085.1017s
	iters: 900, epoch: 2 | loss: 0.6165498
	speed: 0.0705s/iter; left time: 15012.3044s
	iters: 1000, epoch: 2 | loss: 0.4309194
	speed: 0.0706s/iter; left time: 15024.9369s
	iters: 1100, epoch: 2 | loss: 0.5816901
	speed: 0.0712s/iter; left time: 15148.2393s
	iters: 1200, epoch: 2 | loss: 0.4722992
	speed: 0.0716s/iter; left time: 15232.3572s
	iters: 1300, epoch: 2 | loss: 0.4643781
	speed: 0.0720s/iter; left time: 15299.8904s
	iters: 1400, epoch: 2 | loss: 0.4154348
	speed: 0.0720s/iter; left time: 15302.2555s
	iters: 1500, epoch: 2 | loss: 0.3956906
	speed: 0.0718s/iter; left time: 15246.3968s
	iters: 1600, epoch: 2 | loss: 0.4440484
	speed: 0.0710s/iter; left time: 15060.5828s
	iters: 1700, epoch: 2 | loss: 0.4221841
	speed: 0.0709s/iter; left time: 15041.7992s
	iters: 1800, epoch: 2 | loss: 0.4214986
	speed: 0.0711s/iter; left time: 15070.8724s
	iters: 1900, epoch: 2 | loss: 0.4163961
	speed: 0.0718s/iter; left time: 15225.7945s
	iters: 2000, epoch: 2 | loss: 0.4579134
	speed: 0.0712s/iter; left time: 15076.4075s
	iters: 2100, epoch: 2 | loss: 0.5030368
	speed: 0.0717s/iter; left time: 15177.1940s
Epoch: 2 cost time: 153.09462642669678
Epoch: 2 | Train Loss: 0.4498099 Vali Loss: 2.3737406 Test Loss: 0.5015565 MAE Loss: 0.5113887
EarlyStopping counter: 1 out of 3
Updating learning rate to 0.00019999999999999966
	iters: 100, epoch: 3 | loss: 0.4590872
	speed: 0.5378s/iter; left time: 113785.3985s
	iters: 200, epoch: 3 | loss: 0.4178338
	speed: 0.0695s/iter; left time: 14702.6480s
	iters: 300, epoch: 3 | loss: 0.4667262
	speed: 0.0695s/iter; left time: 14693.2001s
	iters: 400, epoch: 3 | loss: 0.3792648
	speed: 0.0694s/iter; left time: 14670.5270s
	iters: 500, epoch: 3 | loss: 0.4105176
	speed: 0.0695s/iter; left time: 14679.8005s
	iters: 600, epoch: 3 | loss: 0.3721878
	speed: 0.0694s/iter; left time: 14653.9861s
	iters: 700, epoch: 3 | loss: 0.4708978
	speed: 0.0694s/iter; left time: 14644.4427s
	iters: 800, epoch: 3 | loss: 0.4382723
	speed: 0.0695s/iter; left time: 14664.6386s
	iters: 900, epoch: 3 | loss: 0.3701128
	speed: 0.0695s/iter; left time: 14655.3463s
	iters: 1000, epoch: 3 | loss: 0.3922701
	speed: 0.0694s/iter; left time: 14616.1215s
	iters: 1100, epoch: 3 | loss: 0.4871042
	speed: 0.0695s/iter; left time: 14630.3640s
	iters: 1200, epoch: 3 | loss: 0.3848867
	speed: 0.0694s/iter; left time: 14612.4735s
	iters: 1300, epoch: 3 | loss: 0.3952837
	speed: 0.0695s/iter; left time: 14621.7013s
	iters: 1400, epoch: 3 | loss: 0.3234367
	speed: 0.0694s/iter; left time: 14594.1683s
	iters: 1500, epoch: 3 | loss: 0.3729900
	speed: 0.0695s/iter; left time: 14600.1121s
	iters: 1600, epoch: 3 | loss: 0.4146128
	speed: 0.0695s/iter; left time: 14608.0971s
	iters: 1700, epoch: 3 | loss: 0.3458716
	speed: 0.0695s/iter; left time: 14593.4428s
	iters: 1800, epoch: 3 | loss: 0.3892567
	speed: 0.0696s/iter; left time: 14598.3708s
	iters: 1900, epoch: 3 | loss: 0.3179270
	speed: 0.0694s/iter; left time: 14560.0289s
	iters: 2000, epoch: 3 | loss: 0.3437762
	speed: 0.0696s/iter; left time: 14592.4774s
	iters: 2100, epoch: 3 | loss: 0.4437565
	speed: 0.0694s/iter; left time: 14539.6509s
Epoch: 3 cost time: 150.21803736686707
Epoch: 3 | Train Loss: 0.4058081 Vali Loss: 2.2359802 Test Loss: 0.5234125 MAE Loss: 0.5118558
EarlyStopping counter: 2 out of 3
Updating learning rate to 9.999999999999983e-05
	iters: 100, epoch: 4 | loss: 0.3770526
	speed: 0.5347s/iter; left time: 111984.0714s
	iters: 200, epoch: 4 | loss: 0.4495413
	speed: 0.0695s/iter; left time: 14539.0641s
	iters: 300, epoch: 4 | loss: 0.3934758
	speed: 0.0694s/iter; left time: 14529.1458s
	iters: 400, epoch: 4 | loss: 0.2954840
	speed: 0.0695s/iter; left time: 14535.3031s
	iters: 500, epoch: 4 | loss: 0.3855680
	speed: 0.0695s/iter; left time: 14519.2941s
	iters: 600, epoch: 4 | loss: 0.2780555
	speed: 0.0695s/iter; left time: 14519.4547s
	iters: 700, epoch: 4 | loss: 0.4579232
	speed: 0.0695s/iter; left time: 14514.3570s
	iters: 800, epoch: 4 | loss: 0.4475903
	speed: 0.0696s/iter; left time: 14519.7626s
	iters: 900, epoch: 4 | loss: 0.4731706
	speed: 0.0697s/iter; left time: 14534.9723s
	iters: 1000, epoch: 4 | loss: 0.4024564
	speed: 0.0693s/iter; left time: 14460.5668s
	iters: 1100, epoch: 4 | loss: 0.3413759
	speed: 0.0694s/iter; left time: 14470.4754s
	iters: 1200, epoch: 4 | loss: 0.2962171
	speed: 0.0695s/iter; left time: 14479.3779s
	iters: 1300, epoch: 4 | loss: 0.4445083
	speed: 0.0695s/iter; left time: 14478.0590s
	iters: 1400, epoch: 4 | loss: 0.3542832
	speed: 0.0694s/iter; left time: 14451.8786s
	iters: 1500, epoch: 4 | loss: 0.3412841
	speed: 0.0695s/iter; left time: 14451.1847s
	iters: 1600, epoch: 4 | loss: 0.4578371
	speed: 0.0696s/iter; left time: 14463.4822s
	iters: 1700, epoch: 4 | loss: 0.4199356
	speed: 0.0695s/iter; left time: 14445.9860s
	iters: 1800, epoch: 4 | loss: 0.4449931
	speed: 0.0693s/iter; left time: 14403.9878s
	iters: 1900, epoch: 4 | loss: 0.3867615
	speed: 0.0694s/iter; left time: 14403.4366s
	iters: 2000, epoch: 4 | loss: 0.3016556
	speed: 0.0696s/iter; left time: 14452.9805s
	iters: 2100, epoch: 4 | loss: 0.3289525
	speed: 0.0695s/iter; left time: 14415.4822s
Epoch: 4 cost time: 150.2460606098175
Epoch: 4 | Train Loss: 0.3841964 Vali Loss: 2.1005642 Test Loss: 0.5380771 MAE Loss: 0.5174509
EarlyStopping counter: 3 out of 3
Early stopping
[W826 00:24:29.614967165 AllocatorConfig.cpp:28] Warning: PYTORCH_CUDA_ALLOC_CONF is deprecated, use PYTORCH_ALLOC_CONF instead (function operator())
