==========================================
[2026-08-26 00:25:46] Start running:
  dataset      : ETTh1
  model        : TimeLLM
  llm_model    : GPT2
  seq_len      : 512
  pred_len     : 96
  learning_rate: 0.01
  batch_size   : 24
==========================================
Downloading Model from https://www.modelscope.cn to directory: /home/Lain/.cache/modelscope/hub/models/AI-ModelScope/gpt2
2026-08-26 00:26:00,237 - modelscope - WARNING - Model revision not specified, use revision: v1.0.0
	iters: 100, epoch: 1 | loss: 0.3794019
	speed: 0.0867s/iter; left time: 20300.3483s
	iters: 200, epoch: 1 | loss: 0.8002795
	speed: 0.0798s/iter; left time: 18663.2778s
	iters: 300, epoch: 1 | loss: 0.4061781
	speed: 0.0795s/iter; left time: 18593.7974s
	iters: 400, epoch: 1 | loss: 0.4014357
	speed: 0.0797s/iter; left time: 18640.2582s
	iters: 500, epoch: 1 | loss: 0.5619967
	speed: 0.0797s/iter; left time: 18630.3002s
	iters: 600, epoch: 1 | loss: 0.6417689
	speed: 0.0792s/iter; left time: 18510.7026s
	iters: 700, epoch: 1 | loss: 0.6820386
	speed: 0.0786s/iter; left time: 18350.5746s
	iters: 800, epoch: 1 | loss: 0.2645013
	speed: 0.0785s/iter; left time: 18331.6503s
	iters: 900, epoch: 1 | loss: 0.5391954
	speed: 0.0787s/iter; left time: 18365.4919s
	iters: 1000, epoch: 1 | loss: 0.3214746
	speed: 0.0787s/iter; left time: 18363.2761s
	iters: 1100, epoch: 1 | loss: 0.3919429
	speed: 0.0789s/iter; left time: 18391.9754s
	iters: 1200, epoch: 1 | loss: 0.3631992
	speed: 0.0786s/iter; left time: 18314.0300s
	iters: 1300, epoch: 1 | loss: 0.3391354
	speed: 0.0785s/iter; left time: 18272.5994s
	iters: 1400, epoch: 1 | loss: 0.5033879
	speed: 0.0785s/iter; left time: 18277.4498s
	iters: 1500, epoch: 1 | loss: 0.3128550
	speed: 0.0786s/iter; left time: 18297.0730s
	iters: 1600, epoch: 1 | loss: 0.5412320
	speed: 0.0786s/iter; left time: 18271.6610s
	iters: 1700, epoch: 1 | loss: 0.4163672
	speed: 0.0787s/iter; left time: 18289.4409s
	iters: 1800, epoch: 1 | loss: 0.3184050
	speed: 0.0785s/iter; left time: 18240.3061s
	iters: 1900, epoch: 1 | loss: 0.3327607
	speed: 0.0786s/iter; left time: 18268.1636s
	iters: 2000, epoch: 1 | loss: 0.3532251
	speed: 0.0785s/iter; left time: 18235.7226s
	iters: 2100, epoch: 1 | loss: 0.3214574
	speed: 0.0784s/iter; left time: 18193.7350s
	iters: 2200, epoch: 1 | loss: 0.4416882
	speed: 0.0787s/iter; left time: 18257.5221s
	iters: 2300, epoch: 1 | loss: 0.2517041
	speed: 0.0785s/iter; left time: 18209.5477s
Epoch: 1 cost time: 185.19694137573242
Epoch: 1 | Train Loss: 0.4158105 Vali Loss: 0.7730705 Test Loss: 0.4078019 MAE Loss: 0.4319315
lr = 0.0004000000
Updating learning rate to 0.0003999999999999993
	iters: 100, epoch: 2 | loss: 0.3823309
	speed: 0.7066s/iter; left time: 163761.0698s
	iters: 200, epoch: 2 | loss: 0.3879548
	speed: 0.0763s/iter; left time: 17681.7315s
	iters: 300, epoch: 2 | loss: 0.3581288
	speed: 0.0764s/iter; left time: 17696.5271s
	iters: 400, epoch: 2 | loss: 0.2831451
	speed: 0.0765s/iter; left time: 17696.8505s
	iters: 500, epoch: 2 | loss: 0.3528773
	speed: 0.0765s/iter; left time: 17698.2615s
	iters: 600, epoch: 2 | loss: 0.3083443
	speed: 0.0763s/iter; left time: 17641.1043s
	iters: 700, epoch: 2 | loss: 0.3936185
	speed: 0.0766s/iter; left time: 17700.0691s
	iters: 800, epoch: 2 | loss: 0.3035173
	speed: 0.0762s/iter; left time: 17615.6524s
	iters: 900, epoch: 2 | loss: 0.3724801
	speed: 0.0763s/iter; left time: 17627.2341s
	iters: 1000, epoch: 2 | loss: 0.3953084
	speed: 0.0765s/iter; left time: 17651.3342s
	iters: 1100, epoch: 2 | loss: 0.5978532
	speed: 0.0763s/iter; left time: 17614.7558s
	iters: 1200, epoch: 2 | loss: 0.2476718
	speed: 0.0763s/iter; left time: 17605.9477s
	iters: 1300, epoch: 2 | loss: 0.6296385
	speed: 0.0763s/iter; left time: 17597.1291s
	iters: 1400, epoch: 2 | loss: 0.4633481
	speed: 0.0764s/iter; left time: 17610.8629s
	iters: 1500, epoch: 2 | loss: 0.4360919
	speed: 0.0763s/iter; left time: 17581.1378s
	iters: 1600, epoch: 2 | loss: 0.3177734
	speed: 0.0765s/iter; left time: 17603.9615s
	iters: 1700, epoch: 2 | loss: 0.5594566
	speed: 0.0763s/iter; left time: 17560.5476s
	iters: 1800, epoch: 2 | loss: 0.4048766
	speed: 0.0763s/iter; left time: 17558.8614s
	iters: 1900, epoch: 2 | loss: 0.5425425
	speed: 0.0764s/iter; left time: 17568.3958s
	iters: 2000, epoch: 2 | loss: 0.3947468
	speed: 0.0763s/iter; left time: 17541.1136s
	iters: 2100, epoch: 2 | loss: 0.8295928
	speed: 0.0762s/iter; left time: 17508.3674s
	iters: 2200, epoch: 2 | loss: 0.3851307
	speed: 0.0765s/iter; left time: 17558.5267s
	iters: 2300, epoch: 2 | loss: 0.3177923
	speed: 0.0766s/iter; left time: 17576.4341s
Epoch: 2 cost time: 179.01765990257263
Epoch: 2 | Train Loss: 0.3787124 Vali Loss: 0.7811900 Test Loss: 0.4150485 MAE Loss: 0.4342154
EarlyStopping counter: 1 out of 3
Updating learning rate to 0.00019999999999999966
	iters: 100, epoch: 3 | loss: 0.3644202
	speed: 0.6698s/iter; left time: 153652.3818s
	iters: 200, epoch: 3 | loss: 0.5010502
	speed: 0.0765s/iter; left time: 17534.9663s
	iters: 300, epoch: 3 | loss: 0.2922021
	speed: 0.0764s/iter; left time: 17515.4717s
	iters: 400, epoch: 3 | loss: 0.2970696
	speed: 0.0762s/iter; left time: 17459.4045s
	iters: 500, epoch: 3 | loss: 0.3100954
	speed: 0.0764s/iter; left time: 17489.0353s
	iters: 600, epoch: 3 | loss: 0.2615156
	speed: 0.0768s/iter; left time: 17590.0827s
	iters: 700, epoch: 3 | loss: 0.3573396
	speed: 0.0770s/iter; left time: 17615.8841s
	iters: 800, epoch: 3 | loss: 0.4776280
	speed: 0.0770s/iter; left time: 17613.0070s
	iters: 900, epoch: 3 | loss: 0.3830628
	speed: 0.0774s/iter; left time: 17691.3284s
	iters: 1000, epoch: 3 | loss: 0.4214110
	speed: 0.0774s/iter; left time: 17695.5332s
	iters: 1100, epoch: 3 | loss: 0.3981600
	speed: 0.0774s/iter; left time: 17671.7448s
	iters: 1200, epoch: 3 | loss: 0.2974590
	speed: 0.0774s/iter; left time: 17670.3260s
	iters: 1300, epoch: 3 | loss: 0.2588705
	speed: 0.0773s/iter; left time: 17639.2523s
	iters: 1400, epoch: 3 | loss: 0.2117290
	speed: 0.0774s/iter; left time: 17646.4960s
	iters: 1500, epoch: 3 | loss: 0.2989855
	speed: 0.0775s/iter; left time: 17668.2895s
	iters: 1600, epoch: 3 | loss: 0.3211235
	speed: 0.0776s/iter; left time: 17677.0856s
	iters: 1700, epoch: 3 | loss: 0.3550200
	speed: 0.0775s/iter; left time: 17649.6804s
	iters: 1800, epoch: 3 | loss: 0.3369180
	speed: 0.0775s/iter; left time: 17651.2164s
	iters: 1900, epoch: 3 | loss: 0.3221503
	speed: 0.0776s/iter; left time: 17661.3122s
	iters: 2000, epoch: 3 | loss: 0.3288073
	speed: 0.0767s/iter; left time: 17451.8939s
	iters: 2100, epoch: 3 | loss: 0.2588674
	speed: 0.0763s/iter; left time: 17355.3511s
	iters: 2200, epoch: 3 | loss: 0.3544589
	speed: 0.0765s/iter; left time: 17388.6408s
	iters: 2300, epoch: 3 | loss: 0.2879972
	speed: 0.0764s/iter; left time: 17363.2118s
Epoch: 3 cost time: 180.40874934196472
Epoch: 3 | Train Loss: 0.3702949 Vali Loss: 0.7652183 Test Loss: 0.4106271 MAE Loss: 0.4311796
Updating learning rate to 9.999999999999983e-05
	iters: 100, epoch: 4 | loss: 0.3106823
	speed: 0.6705s/iter; left time: 152246.0623s
	iters: 200, epoch: 4 | loss: 0.3781938
	speed: 0.0765s/iter; left time: 17366.3119s
	iters: 300, epoch: 4 | loss: 0.6007394
	speed: 0.0763s/iter; left time: 17315.8458s
	iters: 400, epoch: 4 | loss: 0.2723656
	speed: 0.0764s/iter; left time: 17317.7175s
	iters: 500, epoch: 4 | loss: 0.3529639
	speed: 0.0763s/iter; left time: 17297.7601s
	iters: 600, epoch: 4 | loss: 0.4042059
	speed: 0.0764s/iter; left time: 17303.1742s
	iters: 700, epoch: 4 | loss: 0.3054543
	speed: 0.0764s/iter; left time: 17294.8684s
	iters: 800, epoch: 4 | loss: 0.2588343
	speed: 0.0764s/iter; left time: 17295.0972s
	iters: 900, epoch: 4 | loss: 0.5068085
	speed: 0.0764s/iter; left time: 17286.8422s
	iters: 1000, epoch: 4 | loss: 0.4074703
	speed: 0.0762s/iter; left time: 17224.4223s
	iters: 1100, epoch: 4 | loss: 0.3565254
	speed: 0.0762s/iter; left time: 17229.3063s
	iters: 1200, epoch: 4 | loss: 0.5147139
	speed: 0.0764s/iter; left time: 17254.5252s
	iters: 1300, epoch: 4 | loss: 0.2210309
	speed: 0.0764s/iter; left time: 17264.0482s
	iters: 1400, epoch: 4 | loss: 0.2957235
	speed: 0.0763s/iter; left time: 17228.6761s
	iters: 1500, epoch: 4 | loss: 0.5554747
	speed: 0.0762s/iter; left time: 17205.9206s
	iters: 1600, epoch: 4 | loss: 0.2876412
	speed: 0.0762s/iter; left time: 17193.2001s
	iters: 1700, epoch: 4 | loss: 0.2530960
	speed: 0.0762s/iter; left time: 17180.1470s
	iters: 1800, epoch: 4 | loss: 0.5379461
	speed: 0.0763s/iter; left time: 17206.3452s
	iters: 1900, epoch: 4 | loss: 0.3573078
	speed: 0.0764s/iter; left time: 17208.8721s
	iters: 2000, epoch: 4 | loss: 0.4209072
	speed: 0.0762s/iter; left time: 17167.3824s
	iters: 2100, epoch: 4 | loss: 0.2912008
	speed: 0.0763s/iter; left time: 17168.7302s
	iters: 2200, epoch: 4 | loss: 0.3187599
	speed: 0.0763s/iter; left time: 17171.3894s
	iters: 2300, epoch: 4 | loss: 0.2465419
	speed: 0.0763s/iter; left time: 17163.8914s
Epoch: 4 cost time: 178.9103786945343
Epoch: 4 | Train Loss: 0.3665755 Vali Loss: 0.7679626 Test Loss: 0.4024676 MAE Loss: 0.4270793
EarlyStopping counter: 1 out of 3
Updating learning rate to 4.9999999999999914e-05
	iters: 100, epoch: 5 | loss: 0.3615817
	speed: 0.6696s/iter; left time: 150492.3300s
	iters: 200, epoch: 5 | loss: 0.4899222
	speed: 0.0765s/iter; left time: 17175.3961s
	iters: 300, epoch: 5 | loss: 0.4206358
	speed: 0.0766s/iter; left time: 17193.8554s
	iters: 400, epoch: 5 | loss: 0.3962880
	speed: 0.0763s/iter; left time: 17123.4922s
	iters: 500, epoch: 5 | loss: 0.3121105
	speed: 0.0764s/iter; left time: 17137.4454s
	iters: 600, epoch: 5 | loss: 0.3074357
	speed: 0.0763s/iter; left time: 17115.3839s
	iters: 700, epoch: 5 | loss: 0.3571170
	speed: 0.0763s/iter; left time: 17093.6435s
	iters: 800, epoch: 5 | loss: 0.2939256
	speed: 0.0764s/iter; left time: 17113.4481s
	iters: 900, epoch: 5 | loss: 0.4916753
	speed: 0.0764s/iter; left time: 17109.2220s
	iters: 1000, epoch: 5 | loss: 0.2793049
	speed: 0.0764s/iter; left time: 17095.8656s
	iters: 1100, epoch: 5 | loss: 0.4545906
	speed: 0.0763s/iter; left time: 17080.9760s
	iters: 1200, epoch: 5 | loss: 0.4160589
	speed: 0.0763s/iter; left time: 17053.4644s
	iters: 1300, epoch: 5 | loss: 0.3598900
	speed: 0.0764s/iter; left time: 17085.6662s
	iters: 1400, epoch: 5 | loss: 0.3656757
	speed: 0.0764s/iter; left time: 17070.3251s
	iters: 1500, epoch: 5 | loss: 0.2698309
	speed: 0.0767s/iter; left time: 17127.0982s
	iters: 1600, epoch: 5 | loss: 0.3361534
	speed: 0.0770s/iter; left time: 17191.8609s
	iters: 1700, epoch: 5 | loss: 0.4420985
	speed: 0.0773s/iter; left time: 17247.7112s
	iters: 1800, epoch: 5 | loss: 0.3103341
	speed: 0.0774s/iter; left time: 17256.3514s
	iters: 1900, epoch: 5 | loss: 0.3799645
	speed: 0.0772s/iter; left time: 17206.7044s
	iters: 2000, epoch: 5 | loss: 0.2612750
	speed: 0.0774s/iter; left time: 17241.3473s
	iters: 2100, epoch: 5 | loss: 0.4346153
	speed: 0.0776s/iter; left time: 17283.6905s
	iters: 2200, epoch: 5 | loss: 0.3082041
	speed: 0.0776s/iter; left time: 17267.4150s
	iters: 2300, epoch: 5 | loss: 0.3665109
	speed: 0.0774s/iter; left time: 17229.5885s
Epoch: 5 cost time: 179.88285160064697
Epoch: 5 | Train Loss: 0.3636572 Vali Loss: 0.7677868 Test Loss: 0.4053319 MAE Loss: 0.4283952
EarlyStopping counter: 2 out of 3
Updating learning rate to 2.4999999999999957e-05
	iters: 100, epoch: 6 | loss: 0.2737635
	speed: 0.6781s/iter; left time: 150797.7161s
	iters: 200, epoch: 6 | loss: 0.2168093
	speed: 0.0764s/iter; left time: 16989.5366s
	iters: 300, epoch: 6 | loss: 0.4530843
	speed: 0.0763s/iter; left time: 16963.4861s
	iters: 400, epoch: 6 | loss: 0.2550455
	speed: 0.0766s/iter; left time: 17008.3965s
	iters: 500, epoch: 6 | loss: 0.2818364
	speed: 0.0764s/iter; left time: 16960.4487s
	iters: 600, epoch: 6 | loss: 0.3170467
	speed: 0.0762s/iter; left time: 16905.2631s
	iters: 700, epoch: 6 | loss: 0.2889997
	speed: 0.0762s/iter; left time: 16909.1176s
	iters: 800, epoch: 6 | loss: 0.3990873
	speed: 0.0763s/iter; left time: 16923.9254s
	iters: 900, epoch: 6 | loss: 0.4056750
	speed: 0.0765s/iter; left time: 16957.3314s
	iters: 1000, epoch: 6 | loss: 0.2061852
	speed: 0.0763s/iter; left time: 16902.7324s
	iters: 1100, epoch: 6 | loss: 0.5637027
	speed: 0.0765s/iter; left time: 16929.8401s
	iters: 1200, epoch: 6 | loss: 0.2393543
	speed: 0.0764s/iter; left time: 16895.8179s
	iters: 1300, epoch: 6 | loss: 0.4234807
	speed: 0.0764s/iter; left time: 16899.0385s
	iters: 1400, epoch: 6 | loss: 0.3027984
	speed: 0.0761s/iter; left time: 16826.2056s
	iters: 1500, epoch: 6 | loss: 0.3622064
	speed: 0.0763s/iter; left time: 16863.5709s
	iters: 1600, epoch: 6 | loss: 0.2844713
	speed: 0.0763s/iter; left time: 16850.3086s
	iters: 1700, epoch: 6 | loss: 0.3310627
	speed: 0.0763s/iter; left time: 16846.6252s
	iters: 1800, epoch: 6 | loss: 0.4395597
	speed: 0.0764s/iter; left time: 16857.4978s
	iters: 1900, epoch: 6 | loss: 0.3631076
	speed: 0.0764s/iter; left time: 16854.4107s
	iters: 2000, epoch: 6 | loss: 0.3040375
	speed: 0.0764s/iter; left time: 16843.3326s
	iters: 2100, epoch: 6 | loss: 0.3014928
	speed: 0.0763s/iter; left time: 16823.3244s
	iters: 2200, epoch: 6 | loss: 0.5512564
	speed: 0.0763s/iter; left time: 16804.7702s
	iters: 2300, epoch: 6 | loss: 0.3735920
	speed: 0.0766s/iter; left time: 16860.2067s
Epoch: 6 cost time: 178.97388911247253
Epoch: 6 | Train Loss: 0.3624096 Vali Loss: 0.7699739 Test Loss: 0.4073926 MAE Loss: 0.4292982
EarlyStopping counter: 3 out of 3
Early stopping
[W826 00:49:44.067474837 AllocatorConfig.cpp:28] Warning: PYTORCH_CUDA_ALLOC_CONF is deprecated, use PYTORCH_ALLOC_CONF instead (function operator())
==========================================
[2026-08-26 00:49:44] Start running:
  dataset      : ETTh1
  model        : TimeLLM
  llm_model    : GPT2
  seq_len      : 512
  pred_len     : 192
  learning_rate: 0.02
  batch_size   : 24
==========================================
Downloading Model from https://www.modelscope.cn to directory: /home/Lain/.cache/modelscope/hub/models/AI-ModelScope/gpt2
2026-08-26 00:49:51,012 - modelscope - WARNING - Model revision not specified, use revision: v1.0.0
	iters: 100, epoch: 1 | loss: 0.6333777
	speed: 0.0841s/iter; left time: 19459.9219s
	iters: 200, epoch: 1 | loss: 0.6507801
	speed: 0.0787s/iter; left time: 18194.8151s
	iters: 300, epoch: 1 | loss: 0.4423923
	speed: 0.0785s/iter; left time: 18151.8508s
	iters: 400, epoch: 1 | loss: 0.4923361
	speed: 0.0786s/iter; left time: 18163.3452s
	iters: 500, epoch: 1 | loss: 0.6309419
	speed: 0.0787s/iter; left time: 18162.8234s
	iters: 600, epoch: 1 | loss: 0.2879664
	speed: 0.0799s/iter; left time: 18437.2041s
	iters: 700, epoch: 1 | loss: 0.5306867
	speed: 0.0793s/iter; left time: 18296.7043s
	iters: 800, epoch: 1 | loss: 0.4422485
	speed: 0.0789s/iter; left time: 18189.0317s
	iters: 900, epoch: 1 | loss: 0.4235395
	speed: 0.0787s/iter; left time: 18135.9177s
	iters: 1000, epoch: 1 | loss: 0.5374481
	speed: 0.0790s/iter; left time: 18212.2915s
	iters: 1100, epoch: 1 | loss: 0.3212083
	speed: 0.0787s/iter; left time: 18130.5350s
	iters: 1200, epoch: 1 | loss: 0.4135368
	speed: 0.0788s/iter; left time: 18151.0634s
	iters: 1300, epoch: 1 | loss: 0.3573247
	speed: 0.0787s/iter; left time: 18105.1965s
	iters: 1400, epoch: 1 | loss: 0.3239105
	speed: 0.0788s/iter; left time: 18120.1681s
	iters: 1500, epoch: 1 | loss: 0.4469949
	speed: 0.0792s/iter; left time: 18197.6436s
	iters: 1600, epoch: 1 | loss: 0.2750703
	speed: 0.0793s/iter; left time: 18227.1851s
	iters: 1700, epoch: 1 | loss: 0.5507074
	speed: 0.0795s/iter; left time: 18258.4399s
	iters: 1800, epoch: 1 | loss: 0.5267144
	speed: 0.0795s/iter; left time: 18259.6975s
	iters: 1900, epoch: 1 | loss: 0.3313788
	speed: 0.0797s/iter; left time: 18293.7276s
	iters: 2000, epoch: 1 | loss: 0.3654473
	speed: 0.0798s/iter; left time: 18316.1595s
	iters: 2100, epoch: 1 | loss: 0.2466690
	speed: 0.0797s/iter; left time: 18282.4242s
	iters: 2200, epoch: 1 | loss: 0.5518832
	speed: 0.0800s/iter; left time: 18326.9028s
	iters: 2300, epoch: 1 | loss: 0.3916138
	speed: 0.0798s/iter; left time: 18275.5900s
Epoch: 1 cost time: 183.5469605922699
Epoch: 1 | Train Loss: 0.4508455 Vali Loss: 1.0469738 Test Loss: 0.4541367 MAE Loss: 0.4564645
lr = 0.0008000000
Updating learning rate to 0.0007999999999999986
	iters: 100, epoch: 2 | loss: 0.4171183
	speed: 0.6747s/iter; left time: 154493.3224s
	iters: 200, epoch: 2 | loss: 0.2844375
	speed: 0.0766s/iter; left time: 17525.8788s
	iters: 300, epoch: 2 | loss: 0.2950567
	speed: 0.0765s/iter; left time: 17505.2631s
	iters: 400, epoch: 2 | loss: 0.2673830
	speed: 0.0763s/iter; left time: 17456.5203s
	iters: 500, epoch: 2 | loss: 0.3075657
	speed: 0.0761s/iter; left time: 17406.6461s
	iters: 600, epoch: 2 | loss: 0.4238430
	speed: 0.0763s/iter; left time: 17423.6977s
	iters: 700, epoch: 2 | loss: 0.6014894
	speed: 0.0763s/iter; left time: 17424.4598s
	iters: 800, epoch: 2 | loss: 0.5700694
	speed: 0.0763s/iter; left time: 17428.7137s
	iters: 900, epoch: 2 | loss: 0.4633081
	speed: 0.0764s/iter; left time: 17442.8130s
	iters: 1000, epoch: 2 | loss: 0.5068507
	speed: 0.0766s/iter; left time: 17470.1076s
	iters: 1100, epoch: 2 | loss: 0.3225500
	speed: 0.0765s/iter; left time: 17445.9087s
	iters: 1200, epoch: 2 | loss: 0.4972059
	speed: 0.0765s/iter; left time: 17431.9512s
	iters: 1300, epoch: 2 | loss: 0.3513849
	speed: 0.0769s/iter; left time: 17511.5063s
	iters: 1400, epoch: 2 | loss: 0.5392053
	speed: 0.0766s/iter; left time: 17444.3165s
	iters: 1500, epoch: 2 | loss: 0.5184051
	speed: 0.0768s/iter; left time: 17480.9678s
	iters: 1600, epoch: 2 | loss: 0.6137727
	speed: 0.0766s/iter; left time: 17422.1873s
	iters: 1700, epoch: 2 | loss: 0.5158170
	speed: 0.0767s/iter; left time: 17439.2662s
	iters: 1800, epoch: 2 | loss: 0.3376155
	speed: 0.0765s/iter; left time: 17393.4648s
	iters: 1900, epoch: 2 | loss: 0.6422728
	speed: 0.0767s/iter; left time: 17419.4121s
	iters: 2000, epoch: 2 | loss: 0.3307267
	speed: 0.0767s/iter; left time: 17407.1205s
	iters: 2100, epoch: 2 | loss: 0.4828611
	speed: 0.0768s/iter; left time: 17421.2862s
	iters: 2200, epoch: 2 | loss: 0.3241959
	speed: 0.0768s/iter; left time: 17425.0337s
	iters: 2300, epoch: 2 | loss: 0.3941886
	speed: 0.0768s/iter; left time: 17419.6457s
Epoch: 2 cost time: 177.3973081111908
Epoch: 2 | Train Loss: 0.4227867 Vali Loss: 1.0697185 Test Loss: 0.4498983 MAE Loss: 0.4554189
EarlyStopping counter: 1 out of 3
Updating learning rate to 0.0003999999999999993
	iters: 100, epoch: 3 | loss: 0.4998647
	speed: 0.6316s/iter; left time: 143176.6985s
	iters: 200, epoch: 3 | loss: 0.2705361
	speed: 0.0765s/iter; left time: 17326.1596s
	iters: 300, epoch: 3 | loss: 0.3460756
	speed: 0.0765s/iter; left time: 17319.2625s
	iters: 400, epoch: 3 | loss: 0.3269615
	speed: 0.0766s/iter; left time: 17350.1443s
	iters: 500, epoch: 3 | loss: 0.2705701
	speed: 0.0767s/iter; left time: 17351.9062s
	iters: 600, epoch: 3 | loss: 0.4594162
	speed: 0.0765s/iter; left time: 17311.9302s
	iters: 700, epoch: 3 | loss: 0.3969000
	speed: 0.0764s/iter; left time: 17265.9417s
	iters: 800, epoch: 3 | loss: 0.5230706
	speed: 0.0764s/iter; left time: 17269.0247s
	iters: 900, epoch: 3 | loss: 0.3491972
	speed: 0.0764s/iter; left time: 17267.2498s
	iters: 1000, epoch: 3 | loss: 0.3020742
	speed: 0.0765s/iter; left time: 17267.9415s
	iters: 1100, epoch: 3 | loss: 0.6290465
	speed: 0.0765s/iter; left time: 17264.5976s
	iters: 1200, epoch: 3 | loss: 0.3586551
	speed: 0.0768s/iter; left time: 17330.2645s
	iters: 1300, epoch: 3 | loss: 0.3402980
	speed: 0.0770s/iter; left time: 17366.5436s
	iters: 1400, epoch: 3 | loss: 0.4280160
	speed: 0.0774s/iter; left time: 17437.0945s
	iters: 1500, epoch: 3 | loss: 0.3721890
	speed: 0.0773s/iter; left time: 17409.5500s
	iters: 1600, epoch: 3 | loss: 0.6556004
	speed: 0.0773s/iter; left time: 17407.5775s
	iters: 1700, epoch: 3 | loss: 0.3643318
	speed: 0.0775s/iter; left time: 17442.1106s
	iters: 1800, epoch: 3 | loss: 0.3530782
	speed: 0.0776s/iter; left time: 17454.6924s
	iters: 1900, epoch: 3 | loss: 0.4791990
	speed: 0.0775s/iter; left time: 17423.7437s
	iters: 2000, epoch: 3 | loss: 0.5402264
	speed: 0.0776s/iter; left time: 17432.3082s
	iters: 2100, epoch: 3 | loss: 0.3446759
	speed: 0.0777s/iter; left time: 17461.6055s
	iters: 2200, epoch: 3 | loss: 0.2839048
	speed: 0.0775s/iter; left time: 17410.9648s
	iters: 2300, epoch: 3 | loss: 0.3044974
	speed: 0.0775s/iter; left time: 17399.7075s
Epoch: 3 cost time: 178.27391862869263
Epoch: 3 | Train Loss: 0.4149433 Vali Loss: 1.0569995 Test Loss: 0.4421526 MAE Loss: 0.4515046
EarlyStopping counter: 2 out of 3
Updating learning rate to 0.00019999999999999966
	iters: 100, epoch: 4 | loss: 0.4833769
	speed: 0.6352s/iter; left time: 142502.9243s
	iters: 200, epoch: 4 | loss: 0.5744259
	speed: 0.0765s/iter; left time: 17150.2900s
	iters: 300, epoch: 4 | loss: 0.3849157
	speed: 0.0766s/iter; left time: 17174.6680s
	iters: 400, epoch: 4 | loss: 0.3086108
	speed: 0.0766s/iter; left time: 17169.8220s
	iters: 500, epoch: 4 | loss: 0.2973171
	speed: 0.0766s/iter; left time: 17144.7977s
	iters: 600, epoch: 4 | loss: 0.3300926
	speed: 0.0764s/iter; left time: 17104.7732s
	iters: 700, epoch: 4 | loss: 0.5450261
	speed: 0.0765s/iter; left time: 17121.4160s
	iters: 800, epoch: 4 | loss: 0.3642704
	speed: 0.0765s/iter; left time: 17116.6539s
	iters: 900, epoch: 4 | loss: 0.4583856
	speed: 0.0764s/iter; left time: 17079.3327s
	iters: 1000, epoch: 4 | loss: 0.4166765
	speed: 0.0767s/iter; left time: 17142.0428s
	iters: 1100, epoch: 4 | loss: 0.6759613
	speed: 0.0766s/iter; left time: 17115.0009s
	iters: 1200, epoch: 4 | loss: 0.3562830
	speed: 0.0765s/iter; left time: 17073.2142s
	iters: 1300, epoch: 4 | loss: 0.2703198
	speed: 0.0765s/iter; left time: 17080.2399s
	iters: 1400, epoch: 4 | loss: 0.3878309
	speed: 0.0766s/iter; left time: 17077.2091s
	iters: 1500, epoch: 4 | loss: 0.4299143
	speed: 0.0764s/iter; left time: 17026.3552s
	iters: 1600, epoch: 4 | loss: 0.4936348
	speed: 0.0766s/iter; left time: 17071.2435s
	iters: 1700, epoch: 4 | loss: 0.3037353
	speed: 0.0767s/iter; left time: 17079.5981s
	iters: 1800, epoch: 4 | loss: 0.3405546
	speed: 0.0765s/iter; left time: 17039.0456s
	iters: 1900, epoch: 4 | loss: 0.5156720
	speed: 0.0766s/iter; left time: 17043.0731s
	iters: 2000, epoch: 4 | loss: 0.4801955
	speed: 0.0765s/iter; left time: 17022.9800s
	iters: 2100, epoch: 4 | loss: 0.3138779
	speed: 0.0764s/iter; left time: 16998.2370s
	iters: 2200, epoch: 4 | loss: 0.4611590
	speed: 0.0765s/iter; left time: 17008.2670s
	iters: 2300, epoch: 4 | loss: 0.3664283
	speed: 0.0766s/iter; left time: 17013.0755s
Epoch: 4 cost time: 177.26292181015015
Epoch: 4 | Train Loss: 0.4101446 Vali Loss: 1.0301400 Test Loss: 0.4379687 MAE Loss: 0.4483785
Updating learning rate to 9.999999999999983e-05
	iters: 100, epoch: 5 | loss: 0.5123634
	speed: 0.6328s/iter; left time: 140518.4388s
	iters: 200, epoch: 5 | loss: 0.3573042
	speed: 0.0767s/iter; left time: 17018.5007s
	iters: 300, epoch: 5 | loss: 0.3986433
	speed: 0.0767s/iter; left time: 17015.5222s
	iters: 400, epoch: 5 | loss: 0.4753780
	speed: 0.0767s/iter; left time: 17005.2221s
	iters: 500, epoch: 5 | loss: 0.3699492
	speed: 0.0766s/iter; left time: 16980.7424s
	iters: 600, epoch: 5 | loss: 0.4303726
	speed: 0.0768s/iter; left time: 17007.8803s
	iters: 700, epoch: 5 | loss: 0.4414555
	speed: 0.0766s/iter; left time: 16959.8747s
	iters: 800, epoch: 5 | loss: 0.3092461
	speed: 0.0766s/iter; left time: 16962.7911s
	iters: 900, epoch: 5 | loss: 0.3797735
	speed: 0.0768s/iter; left time: 16985.7088s
	iters: 1000, epoch: 5 | loss: 0.4633557
	speed: 0.0765s/iter; left time: 16922.2642s
	iters: 1100, epoch: 5 | loss: 0.4482849
	speed: 0.0766s/iter; left time: 16942.7382s
	iters: 1200, epoch: 5 | loss: 0.4119918
	speed: 0.0768s/iter; left time: 16966.2973s
	iters: 1300, epoch: 5 | loss: 0.3493552
	speed: 0.0764s/iter; left time: 16870.6969s
	iters: 1400, epoch: 5 | loss: 0.3598295
	speed: 0.0766s/iter; left time: 16917.6606s
	iters: 1500, epoch: 5 | loss: 0.3131391
	speed: 0.0765s/iter; left time: 16889.5267s
	iters: 1600, epoch: 5 | loss: 0.6439489
	speed: 0.0766s/iter; left time: 16900.3631s
	iters: 1700, epoch: 5 | loss: 0.2311239
	speed: 0.0768s/iter; left time: 16929.5276s
	iters: 1800, epoch: 5 | loss: 0.4047413
	speed: 0.0772s/iter; left time: 17010.2800s
	iters: 1900, epoch: 5 | loss: 0.3392188
	speed: 0.0774s/iter; left time: 17040.0820s
	iters: 2000, epoch: 5 | loss: 0.3584323
	speed: 0.0774s/iter; left time: 17032.8653s
	iters: 2100, epoch: 5 | loss: 0.3604981
	speed: 0.0777s/iter; left time: 17086.8161s
	iters: 2200, epoch: 5 | loss: 0.4161167
	speed: 0.0777s/iter; left time: 17080.3651s
	iters: 2300, epoch: 5 | loss: 0.5577651
	speed: 0.0775s/iter; left time: 17032.8660s
Epoch: 5 cost time: 178.01359963417053
Epoch: 5 | Train Loss: 0.4068870 Vali Loss: 1.0343388 Test Loss: 0.4373632 MAE Loss: 0.4480773
EarlyStopping counter: 1 out of 3
Updating learning rate to 4.9999999999999914e-05
	iters: 100, epoch: 6 | loss: 0.6684844
	speed: 0.6451s/iter; left time: 141742.6975s
	iters: 200, epoch: 6 | loss: 0.4286359
	speed: 0.0769s/iter; left time: 16880.1665s
	iters: 300, epoch: 6 | loss: 0.4919344
	speed: 0.0768s/iter; left time: 16851.0590s
	iters: 400, epoch: 6 | loss: 0.5063688
	speed: 0.0767s/iter; left time: 16824.3530s
	iters: 500, epoch: 6 | loss: 0.2542935
	speed: 0.0766s/iter; left time: 16798.6056s
	iters: 600, epoch: 6 | loss: 0.3301384
	speed: 0.0765s/iter; left time: 16778.6770s
	iters: 700, epoch: 6 | loss: 0.5253918
	speed: 0.0766s/iter; left time: 16780.6309s
	iters: 800, epoch: 6 | loss: 0.2947384
	speed: 0.0766s/iter; left time: 16786.3349s
	iters: 900, epoch: 6 | loss: 0.2600965
	speed: 0.0766s/iter; left time: 16770.2009s
	iters: 1000, epoch: 6 | loss: 0.2730428
	speed: 0.0765s/iter; left time: 16729.8506s
	iters: 1100, epoch: 6 | loss: 0.3916486
	speed: 0.0765s/iter; left time: 16737.6329s
	iters: 1200, epoch: 6 | loss: 0.4854268
	speed: 0.0764s/iter; left time: 16699.7557s
	iters: 1300, epoch: 6 | loss: 0.2658655
	speed: 0.0767s/iter; left time: 16755.3888s
	iters: 1400, epoch: 6 | loss: 0.6062124
	speed: 0.0765s/iter; left time: 16719.6884s
	iters: 1500, epoch: 6 | loss: 0.2404507
	speed: 0.0765s/iter; left time: 16695.4787s
	iters: 1600, epoch: 6 | loss: 0.4624864
	speed: 0.0765s/iter; left time: 16697.4262s
	iters: 1700, epoch: 6 | loss: 0.3452103
	speed: 0.0765s/iter; left time: 16678.8801s
	iters: 1800, epoch: 6 | loss: 0.5119975
	speed: 0.0765s/iter; left time: 16688.7806s
	iters: 1900, epoch: 6 | loss: 0.3653058
	speed: 0.0765s/iter; left time: 16676.1205s
	iters: 2000, epoch: 6 | loss: 0.3424845
	speed: 0.0766s/iter; left time: 16692.0408s
	iters: 2100, epoch: 6 | loss: 0.4107543
	speed: 0.0765s/iter; left time: 16663.1795s
	iters: 2200, epoch: 6 | loss: 0.3378961
	speed: 0.0765s/iter; left time: 16641.2045s
	iters: 2300, epoch: 6 | loss: 0.3733324
	speed: 0.0766s/iter; left time: 16672.0992s
Epoch: 6 cost time: 177.35658407211304
Epoch: 6 | Train Loss: 0.4055778 Vali Loss: 1.0302473 Test Loss: 0.4396439 MAE Loss: 0.4493075
EarlyStopping counter: 2 out of 3
Updating learning rate to 2.4999999999999957e-05
	iters: 100, epoch: 7 | loss: 0.3559910
	speed: 0.6322s/iter; left time: 137458.0233s
	iters: 200, epoch: 7 | loss: 0.4977998
	speed: 0.0764s/iter; left time: 16613.1805s
	iters: 300, epoch: 7 | loss: 0.4147753
	speed: 0.0765s/iter; left time: 16626.1730s
	iters: 400, epoch: 7 | loss: 0.3380191
	speed: 0.0766s/iter; left time: 16631.4750s
	iters: 500, epoch: 7 | loss: 0.4966703
	speed: 0.0766s/iter; left time: 16634.1605s
	iters: 600, epoch: 7 | loss: 0.3330616
	speed: 0.0766s/iter; left time: 16620.1814s
	iters: 700, epoch: 7 | loss: 0.4067593
	speed: 0.0766s/iter; left time: 16607.4106s
	iters: 800, epoch: 7 | loss: 0.3460757
	speed: 0.0765s/iter; left time: 16583.5893s
	iters: 900, epoch: 7 | loss: 0.3224086
	speed: 0.0765s/iter; left time: 16576.8182s
	iters: 1000, epoch: 7 | loss: 0.5463936
	speed: 0.0764s/iter; left time: 16533.5090s
	iters: 1100, epoch: 7 | loss: 0.3297368
	speed: 0.0768s/iter; left time: 16613.4478s
	iters: 1200, epoch: 7 | loss: 0.4342365
	speed: 0.0764s/iter; left time: 16527.9471s
	iters: 1300, epoch: 7 | loss: 0.5045012
	speed: 0.0765s/iter; left time: 16545.3454s
	iters: 1400, epoch: 7 | loss: 0.3836836
	speed: 0.0766s/iter; left time: 16555.8480s
	iters: 1500, epoch: 7 | loss: 0.3487594
	speed: 0.0764s/iter; left time: 16503.5007s
	iters: 1600, epoch: 7 | loss: 0.3974473
	speed: 0.0766s/iter; left time: 16542.9694s
	iters: 1700, epoch: 7 | loss: 0.4169395
	speed: 0.0765s/iter; left time: 16513.9545s
	iters: 1800, epoch: 7 | loss: 0.4091736
	speed: 0.0765s/iter; left time: 16512.9511s
	iters: 1900, epoch: 7 | loss: 0.4214326
	speed: 0.0763s/iter; left time: 16451.3059s
	iters: 2000, epoch: 7 | loss: 0.4680481
	speed: 0.0765s/iter; left time: 16480.5713s
	iters: 2100, epoch: 7 | loss: 0.3491284
	speed: 0.0766s/iter; left time: 16498.9876s
	iters: 2200, epoch: 7 | loss: 0.3481240
	speed: 0.0766s/iter; left time: 16488.3280s
	iters: 2300, epoch: 7 | loss: 0.3711941
	speed: 0.0766s/iter; left time: 16494.0467s
Epoch: 7 cost time: 177.25401258468628
Epoch: 7 | Train Loss: 0.4043049 Vali Loss: 1.0385691 Test Loss: 0.4340300 MAE Loss: 0.4467524
EarlyStopping counter: 3 out of 3
Early stopping
[W826 01:17:08.739173608 AllocatorConfig.cpp:28] Warning: PYTORCH_CUDA_ALLOC_CONF is deprecated, use PYTORCH_ALLOC_CONF instead (function operator())
==========================================
[2026-08-26 01:17:08] Start running:
  dataset      : ETTh1
  model        : TimeLLM
  llm_model    : GPT2
  seq_len      : 512
  pred_len     : 336
  learning_rate: 0.001
  batch_size   : 24
==========================================
Downloading Model from https://www.modelscope.cn to directory: /home/Lain/.cache/modelscope/hub/models/AI-ModelScope/gpt2
2026-08-26 01:17:17,790 - modelscope - WARNING - Model revision not specified, use revision: v1.0.0
	iters: 100, epoch: 1 | loss: 0.4471074
	speed: 0.0858s/iter; left time: 19492.0749s
	iters: 200, epoch: 1 | loss: 0.4506512
	speed: 0.0799s/iter; left time: 18131.3903s
	iters: 300, epoch: 1 | loss: 0.4902011
	speed: 0.0798s/iter; left time: 18107.3631s
	iters: 400, epoch: 1 | loss: 0.8808689
	speed: 0.0798s/iter; left time: 18088.2501s
	iters: 500, epoch: 1 | loss: 0.6403170
	speed: 0.0799s/iter; left time: 18106.4726s
	iters: 600, epoch: 1 | loss: 0.4457634
	speed: 0.0798s/iter; left time: 18092.8389s
	iters: 700, epoch: 1 | loss: 0.2884850
	speed: 0.0798s/iter; left time: 18081.6008s
	iters: 800, epoch: 1 | loss: 0.3756337
	speed: 0.0788s/iter; left time: 17837.9517s
	iters: 900, epoch: 1 | loss: 0.3677381
	speed: 0.0789s/iter; left time: 17846.1366s
	iters: 1000, epoch: 1 | loss: 0.3523150
	speed: 0.0789s/iter; left time: 17849.7674s
	iters: 1100, epoch: 1 | loss: 0.5179065
	speed: 0.0788s/iter; left time: 17808.4192s
	iters: 1200, epoch: 1 | loss: 0.5161102
	speed: 0.0787s/iter; left time: 17781.8310s
	iters: 1300, epoch: 1 | loss: 0.3337430
	speed: 0.0787s/iter; left time: 17773.2089s
	iters: 1400, epoch: 1 | loss: 0.4309062
	speed: 0.0785s/iter; left time: 17735.7286s
	iters: 1500, epoch: 1 | loss: 0.4756278
	speed: 0.0787s/iter; left time: 17765.8013s
	iters: 1600, epoch: 1 | loss: 0.5400801
	speed: 0.0787s/iter; left time: 17748.6694s
	iters: 1700, epoch: 1 | loss: 0.4498114
	speed: 0.0786s/iter; left time: 17734.7026s
	iters: 1800, epoch: 1 | loss: 0.3209594
	speed: 0.0786s/iter; left time: 17706.5330s
	iters: 1900, epoch: 1 | loss: 0.4188666
	speed: 0.0787s/iter; left time: 17722.3903s
	iters: 2000, epoch: 1 | loss: 0.4467454
	speed: 0.0788s/iter; left time: 17735.9651s
	iters: 2100, epoch: 1 | loss: 0.4753245
	speed: 0.0786s/iter; left time: 17700.1916s
	iters: 2200, epoch: 1 | loss: 0.4911054
	speed: 0.0787s/iter; left time: 17714.3623s
Epoch: 1 cost time: 180.032701253891
Epoch: 1 | Train Loss: 0.4912112 Vali Loss: 1.2893963 Test Loss: 0.4536220 MAE Loss: 0.4625582
lr = 0.0009938442
	iters: 100, epoch: 2 | loss: 0.6017380
	speed: 0.6805s/iter; left time: 153001.4663s
	iters: 200, epoch: 2 | loss: 0.4146015
	speed: 0.0774s/iter; left time: 17394.8974s
	iters: 300, epoch: 2 | loss: 0.4626186
	speed: 0.0765s/iter; left time: 17190.3060s
	iters: 400, epoch: 2 | loss: 0.6129637
	speed: 0.0765s/iter; left time: 17175.7873s
	iters: 500, epoch: 2 | loss: 0.3926249
	speed: 0.0766s/iter; left time: 17183.1177s
	iters: 600, epoch: 2 | loss: 0.5076188
	speed: 0.0766s/iter; left time: 17176.9696s
	iters: 700, epoch: 2 | loss: 0.6559499
	speed: 0.0766s/iter; left time: 17171.4167s
	iters: 800, epoch: 2 | loss: 0.5123049
	speed: 0.0765s/iter; left time: 17155.6748s
	iters: 900, epoch: 2 | loss: 0.4909879
	speed: 0.0764s/iter; left time: 17117.6847s
	iters: 1000, epoch: 2 | loss: 0.4551233
	speed: 0.0766s/iter; left time: 17156.5119s
	iters: 1100, epoch: 2 | loss: 0.5738197
	speed: 0.0764s/iter; left time: 17105.7592s
	iters: 1200, epoch: 2 | loss: 0.3788914
	speed: 0.0763s/iter; left time: 17079.9233s
	iters: 1300, epoch: 2 | loss: 0.4179700
	speed: 0.0764s/iter; left time: 17087.0686s
	iters: 1400, epoch: 2 | loss: 0.2223391
	speed: 0.0766s/iter; left time: 17128.5718s
	iters: 1500, epoch: 2 | loss: 0.3871668
	speed: 0.0767s/iter; left time: 17129.5430s
	iters: 1600, epoch: 2 | loss: 0.3840087
	speed: 0.0766s/iter; left time: 17106.2146s
	iters: 1700, epoch: 2 | loss: 0.4677587
	speed: 0.0766s/iter; left time: 17104.5595s
	iters: 1800, epoch: 2 | loss: 0.3751546
	speed: 0.0767s/iter; left time: 17118.5775s
	iters: 1900, epoch: 2 | loss: 0.4735532
	speed: 0.0766s/iter; left time: 17088.9636s
	iters: 2000, epoch: 2 | loss: 0.4456627
	speed: 0.0766s/iter; left time: 17083.1175s
	iters: 2100, epoch: 2 | loss: 0.3588652
	speed: 0.0765s/iter; left time: 17049.2992s
	iters: 2200, epoch: 2 | loss: 0.3048921
	speed: 0.0766s/iter; left time: 17067.7787s
Epoch: 2 cost time: 174.18304753303528
Epoch: 2 | Train Loss: 0.4674090 Vali Loss: 1.3598772 Test Loss: 0.4699045 MAE Loss: 0.4714608
EarlyStopping counter: 1 out of 3
lr = 0.0009755285
	iters: 100, epoch: 3 | loss: 0.4864051
	speed: 0.6462s/iter; left time: 143826.8818s
	iters: 200, epoch: 3 | loss: 0.3997899
	speed: 0.0765s/iter; left time: 17007.0333s
	iters: 300, epoch: 3 | loss: 0.2916507
	speed: 0.0767s/iter; left time: 17043.7907s
	iters: 400, epoch: 3 | loss: 0.5111456
	speed: 0.0765s/iter; left time: 17011.6892s
	iters: 500, epoch: 3 | loss: 0.5953562
	speed: 0.0766s/iter; left time: 17015.0998s
	iters: 600, epoch: 3 | loss: 0.4301795
	speed: 0.0772s/iter; left time: 17143.2627s
	iters: 700, epoch: 3 | loss: 0.5901980
	speed: 0.0774s/iter; left time: 17168.7288s
	iters: 800, epoch: 3 | loss: 0.7983798
	speed: 0.0774s/iter; left time: 17160.9846s
	iters: 900, epoch: 3 | loss: 0.5695087
	speed: 0.0774s/iter; left time: 17158.1686s
	iters: 1000, epoch: 3 | loss: 0.6580193
	speed: 0.0774s/iter; left time: 17161.1608s
	iters: 1100, epoch: 3 | loss: 0.5548388
	speed: 0.0775s/iter; left time: 17168.2889s
	iters: 1200, epoch: 3 | loss: 0.4102464
	speed: 0.0775s/iter; left time: 17168.2534s
	iters: 1300, epoch: 3 | loss: 0.4149415
	speed: 0.0775s/iter; left time: 17154.6640s
	iters: 1400, epoch: 3 | loss: 0.2794830
	speed: 0.0774s/iter; left time: 17129.4819s
	iters: 1500, epoch: 3 | loss: 0.4477368
	speed: 0.0777s/iter; left time: 17184.0138s
	iters: 1600, epoch: 3 | loss: 0.4065674
	speed: 0.0775s/iter; left time: 17126.2666s
	iters: 1700, epoch: 3 | loss: 0.4941795
	speed: 0.0778s/iter; left time: 17187.7937s
	iters: 1800, epoch: 3 | loss: 0.4784709
	speed: 0.0777s/iter; left time: 17165.8224s
	iters: 1900, epoch: 3 | loss: 0.3554666
	speed: 0.0769s/iter; left time: 16967.5664s
	iters: 2000, epoch: 3 | loss: 0.4374719
	speed: 0.0765s/iter; left time: 16874.5748s
	iters: 2100, epoch: 3 | loss: 0.4946528
	speed: 0.0764s/iter; left time: 16849.0716s
	iters: 2200, epoch: 3 | loss: 0.4398333
	speed: 0.0764s/iter; left time: 16834.8080s
Epoch: 3 cost time: 175.26073694229126
Epoch: 3 | Train Loss: 0.4589017 Vali Loss: 1.3528634 Test Loss: 0.4480013 MAE Loss: 0.4595809
EarlyStopping counter: 2 out of 3
lr = 0.0009455038
	iters: 100, epoch: 4 | loss: 0.4497225
	speed: 0.6457s/iter; left time: 142229.1653s
	iters: 200, epoch: 4 | loss: 0.6259547
	speed: 0.0765s/iter; left time: 16838.8065s
	iters: 300, epoch: 4 | loss: 0.4436411
	speed: 0.0765s/iter; left time: 16845.3931s
	iters: 400, epoch: 4 | loss: 0.4693570
	speed: 0.0764s/iter; left time: 16816.0511s
	iters: 500, epoch: 4 | loss: 0.5333863
	speed: 0.0765s/iter; left time: 16816.1186s
	iters: 600, epoch: 4 | loss: 0.4404342
	speed: 0.0766s/iter; left time: 16825.7652s
	iters: 700, epoch: 4 | loss: 0.4742785
	speed: 0.0764s/iter; left time: 16792.9556s
	iters: 800, epoch: 4 | loss: 0.2785586
	speed: 0.0765s/iter; left time: 16789.7951s
	iters: 900, epoch: 4 | loss: 0.4071714
	speed: 0.0765s/iter; left time: 16797.8545s
	iters: 1000, epoch: 4 | loss: 0.5961119
	speed: 0.0765s/iter; left time: 16791.5962s
	iters: 1100, epoch: 4 | loss: 0.4708612
	speed: 0.0765s/iter; left time: 16776.2652s
	iters: 1200, epoch: 4 | loss: 0.4249521
	speed: 0.0764s/iter; left time: 16746.8337s
	iters: 1300, epoch: 4 | loss: 0.6635087
	speed: 0.0764s/iter; left time: 16742.1021s
	iters: 1400, epoch: 4 | loss: 0.3672809
	speed: 0.0765s/iter; left time: 16744.9055s
	iters: 1500, epoch: 4 | loss: 0.4398613
	speed: 0.0765s/iter; left time: 16742.0496s
	iters: 1600, epoch: 4 | loss: 0.4371223
	speed: 0.0766s/iter; left time: 16763.4552s
	iters: 1700, epoch: 4 | loss: 0.3520037
	speed: 0.0765s/iter; left time: 16737.9305s
	iters: 1800, epoch: 4 | loss: 0.3458940
	speed: 0.0767s/iter; left time: 16755.2677s
	iters: 1900, epoch: 4 | loss: 0.3025203
	speed: 0.0765s/iter; left time: 16703.2121s
	iters: 2000, epoch: 4 | loss: 0.4046454
	speed: 0.0766s/iter; left time: 16732.2780s
	iters: 2100, epoch: 4 | loss: 0.3944244
	speed: 0.0765s/iter; left time: 16704.8559s
	iters: 2200, epoch: 4 | loss: 0.3603960
	speed: 0.0766s/iter; left time: 16706.6961s
Epoch: 4 cost time: 173.99200463294983
Epoch: 4 | Train Loss: 0.4600804 Vali Loss: 1.3854247 Test Loss: 0.4666775 MAE Loss: 0.4726055
EarlyStopping counter: 3 out of 3
Early stopping
[W826 01:32:30.529745764 AllocatorConfig.cpp:28] Warning: PYTORCH_CUDA_ALLOC_CONF is deprecated, use PYTORCH_ALLOC_CONF instead (function operator())
==========================================
[2026-08-26 01:32:31] Start running:
  dataset      : ETTh1
  model        : TimeLLM
  llm_model    : GPT2
  seq_len      : 512
  pred_len     : 720
  learning_rate: 0.01
  batch_size   : 24
==========================================
Downloading Model from https://www.modelscope.cn to directory: /home/Lain/.cache/modelscope/hub/models/AI-ModelScope/gpt2
2026-08-26 01:32:36,004 - modelscope - WARNING - Model revision not specified, use revision: v1.0.0
	iters: 100, epoch: 1 | loss: 0.6990159
	speed: 0.0842s/iter; left time: 18186.9711s
	iters: 200, epoch: 1 | loss: 0.7078894
	speed: 0.0788s/iter; left time: 17009.1914s
	iters: 300, epoch: 1 | loss: 0.4506315
	speed: 0.0789s/iter; left time: 17018.2897s
	iters: 400, epoch: 1 | loss: 0.7009261
	speed: 0.0787s/iter; left time: 16975.4529s
	iters: 500, epoch: 1 | loss: 0.4336472
	speed: 0.0788s/iter; left time: 16986.4531s
	iters: 600, epoch: 1 | loss: 0.5626152
	speed: 0.0790s/iter; left time: 17020.0225s
	iters: 700, epoch: 1 | loss: 0.6199203
	speed: 0.0790s/iter; left time: 17007.8973s
	iters: 800, epoch: 1 | loss: 0.5584457
	speed: 0.0791s/iter; left time: 17019.2890s
	iters: 900, epoch: 1 | loss: 0.6662294
	speed: 0.0788s/iter; left time: 16950.1852s
	iters: 1000, epoch: 1 | loss: 0.5078465
	speed: 0.0789s/iter; left time: 16961.6564s
	iters: 1100, epoch: 1 | loss: 0.5707318
	speed: 0.0789s/iter; left time: 16956.1359s
	iters: 1200, epoch: 1 | loss: 0.3535373
	speed: 0.0790s/iter; left time: 16969.2915s
	iters: 1300, epoch: 1 | loss: 0.5364072
	speed: 0.0790s/iter; left time: 16957.1275s
	iters: 1400, epoch: 1 | loss: 0.5135419
	speed: 0.0789s/iter; left time: 16934.5349s
	iters: 1500, epoch: 1 | loss: 0.5494777
	speed: 0.0788s/iter; left time: 16901.5836s
	iters: 1600, epoch: 1 | loss: 0.8305577
	speed: 0.0789s/iter; left time: 16918.9499s
	iters: 1700, epoch: 1 | loss: 0.5511858
	speed: 0.0793s/iter; left time: 17004.6044s
	iters: 1800, epoch: 1 | loss: 0.4390046
	speed: 0.0795s/iter; left time: 17038.0608s
	iters: 1900, epoch: 1 | loss: 0.5967963
	speed: 0.0796s/iter; left time: 17042.5969s
	iters: 2000, epoch: 1 | loss: 0.5850996
	speed: 0.0800s/iter; left time: 17128.6037s
	iters: 2100, epoch: 1 | loss: 0.6668319
	speed: 0.0797s/iter; left time: 17053.9979s
Epoch: 1 cost time: 171.233336687088
Epoch: 1 | Train Loss: 0.6056043 Vali Loss: 1.8684414 Test Loss: 0.4909794 MAE Loss: 0.4967075
lr = 0.0004000000
Updating learning rate to 0.0003999999999999993
	iters: 100, epoch: 2 | loss: 0.8343782
	speed: 0.6050s/iter; left time: 129323.0373s
	iters: 200, epoch: 2 | loss: 0.6698748
	speed: 0.0779s/iter; left time: 16645.3090s
	iters: 300, epoch: 2 | loss: 0.4679200
	speed: 0.0768s/iter; left time: 16406.7864s
	iters: 400, epoch: 2 | loss: 0.5877791
	speed: 0.0767s/iter; left time: 16376.6065s
	iters: 500, epoch: 2 | loss: 0.3877010
	speed: 0.0769s/iter; left time: 16402.8930s
	iters: 600, epoch: 2 | loss: 0.5803815
	speed: 0.0769s/iter; left time: 16388.5840s
	iters: 700, epoch: 2 | loss: 0.3834285
	speed: 0.0777s/iter; left time: 16566.0225s
	iters: 800, epoch: 2 | loss: 0.6972588
	speed: 0.0768s/iter; left time: 16359.1591s
	iters: 900, epoch: 2 | loss: 0.4317237
	speed: 0.0768s/iter; left time: 16345.5783s
	iters: 1000, epoch: 2 | loss: 0.4571957
	speed: 0.0768s/iter; left time: 16338.2549s
	iters: 1100, epoch: 2 | loss: 0.4699604
	speed: 0.0768s/iter; left time: 16332.4949s
	iters: 1200, epoch: 2 | loss: 0.5641745
	speed: 0.0768s/iter; left time: 16323.5483s
	iters: 1300, epoch: 2 | loss: 0.5243800
	speed: 0.0768s/iter; left time: 16316.6085s
	iters: 1400, epoch: 2 | loss: 0.4622501
	speed: 0.0767s/iter; left time: 16290.4130s
	iters: 1500, epoch: 2 | loss: 0.3916747
	speed: 0.0768s/iter; left time: 16303.5358s
	iters: 1600, epoch: 2 | loss: 0.6096651
	speed: 0.0768s/iter; left time: 16304.3752s
	iters: 1700, epoch: 2 | loss: 0.3751692
	speed: 0.0767s/iter; left time: 16279.3302s
	iters: 1800, epoch: 2 | loss: 0.5933322
	speed: 0.0767s/iter; left time: 16273.2549s
	iters: 1900, epoch: 2 | loss: 0.7106948
	speed: 0.0767s/iter; left time: 16256.2377s
	iters: 2000, epoch: 2 | loss: 0.5182762
	speed: 0.0767s/iter; left time: 16247.4468s
	iters: 2100, epoch: 2 | loss: 0.5629405
	speed: 0.0768s/iter; left time: 16267.1076s
Epoch: 2 cost time: 166.34136986732483
Epoch: 2 | Train Loss: 0.5591752 Vali Loss: 1.7886086 Test Loss: 0.4610438 MAE Loss: 0.4809870
Updating learning rate to 0.00019999999999999966
	iters: 100, epoch: 3 | loss: 0.5220737
	speed: 0.5642s/iter; left time: 119381.6115s
	iters: 200, epoch: 3 | loss: 0.6076714
	speed: 0.0769s/iter; left time: 16269.6137s
	iters: 300, epoch: 3 | loss: 0.4350781
	speed: 0.0768s/iter; left time: 16232.2492s
	iters: 400, epoch: 3 | loss: 0.5819074
	speed: 0.0770s/iter; left time: 16266.4640s
	iters: 500, epoch: 3 | loss: 0.5181096
	speed: 0.0769s/iter; left time: 16242.5208s
	iters: 600, epoch: 3 | loss: 0.3096963
	speed: 0.0767s/iter; left time: 16196.9715s
	iters: 700, epoch: 3 | loss: 0.4018126
	speed: 0.0767s/iter; left time: 16180.4984s
	iters: 800, epoch: 3 | loss: 0.6133667
	speed: 0.0766s/iter; left time: 16161.2829s
	iters: 900, epoch: 3 | loss: 0.6300936
	speed: 0.0767s/iter; left time: 16161.9393s
	iters: 1000, epoch: 3 | loss: 0.3820212
	speed: 0.0769s/iter; left time: 16194.7406s
	iters: 1100, epoch: 3 | loss: 0.5228342
	speed: 0.0767s/iter; left time: 16154.8519s
	iters: 1200, epoch: 3 | loss: 0.7593059
	speed: 0.0768s/iter; left time: 16160.2479s
	iters: 1300, epoch: 3 | loss: 0.9054554
	speed: 0.0768s/iter; left time: 16147.1991s
	iters: 1400, epoch: 3 | loss: 0.4431056
	speed: 0.0767s/iter; left time: 16120.5318s
	iters: 1500, epoch: 3 | loss: 0.5736432
	speed: 0.0768s/iter; left time: 16146.2696s
	iters: 1600, epoch: 3 | loss: 0.6670066
	speed: 0.0766s/iter; left time: 16101.2981s
	iters: 1700, epoch: 3 | loss: 0.4166951
	speed: 0.0768s/iter; left time: 16134.4074s
	iters: 1800, epoch: 3 | loss: 0.4753055
	speed: 0.0768s/iter; left time: 16126.0031s
	iters: 1900, epoch: 3 | loss: 0.5822366
	speed: 0.0767s/iter; left time: 16089.6267s
	iters: 2000, epoch: 3 | loss: 0.4679837
	speed: 0.0765s/iter; left time: 16032.5600s
	iters: 2100, epoch: 3 | loss: 0.5560519
	speed: 0.0768s/iter; left time: 16090.2225s
Epoch: 3 cost time: 165.98010277748108
Epoch: 3 | Train Loss: 0.5404957 Vali Loss: 1.8358118 Test Loss: 0.4931712 MAE Loss: 0.4976202
EarlyStopping counter: 1 out of 3
Updating learning rate to 9.999999999999983e-05
	iters: 100, epoch: 4 | loss: 0.6637496
	speed: 0.5634s/iter; left time: 117984.3161s
	iters: 200, epoch: 4 | loss: 0.5746493
	speed: 0.0767s/iter; left time: 16049.0200s
	iters: 300, epoch: 4 | loss: 0.4580392
	speed: 0.0769s/iter; left time: 16096.7614s
	iters: 400, epoch: 4 | loss: 0.5742677
	speed: 0.0768s/iter; left time: 16066.0621s
	iters: 500, epoch: 4 | loss: 0.5512197
	speed: 0.0766s/iter; left time: 16005.2265s
	iters: 600, epoch: 4 | loss: 0.4575158
	speed: 0.0769s/iter; left time: 16069.4460s
	iters: 700, epoch: 4 | loss: 0.6404323
	speed: 0.0773s/iter; left time: 16145.1926s
	iters: 800, epoch: 4 | loss: 0.4565044
	speed: 0.0774s/iter; left time: 16146.0376s
	iters: 900, epoch: 4 | loss: 0.5705475
	speed: 0.0773s/iter; left time: 16128.3626s
	iters: 1000, epoch: 4 | loss: 0.4906471
	speed: 0.0772s/iter; left time: 16099.9098s
	iters: 1100, epoch: 4 | loss: 0.6668591
	speed: 0.0778s/iter; left time: 16205.1563s
	iters: 1200, epoch: 4 | loss: 0.4715085
	speed: 0.0779s/iter; left time: 16231.0299s
	iters: 1300, epoch: 4 | loss: 0.4144593
	speed: 0.0779s/iter; left time: 16217.6194s
	iters: 1400, epoch: 4 | loss: 0.4559289
	speed: 0.0777s/iter; left time: 16166.2436s
	iters: 1500, epoch: 4 | loss: 0.4864969
	speed: 0.0779s/iter; left time: 16199.4502s
	iters: 1600, epoch: 4 | loss: 0.4993383
	speed: 0.0777s/iter; left time: 16149.3643s
	iters: 1700, epoch: 4 | loss: 0.3922701
	speed: 0.0776s/iter; left time: 16135.3630s
	iters: 1800, epoch: 4 | loss: 0.4799528
	speed: 0.0777s/iter; left time: 16140.6120s
	iters: 1900, epoch: 4 | loss: 0.5281859
	speed: 0.0776s/iter; left time: 16104.1258s
	iters: 2000, epoch: 4 | loss: 0.4526924
	speed: 0.0775s/iter; left time: 16089.8854s
	iters: 2100, epoch: 4 | loss: 0.5435220
	speed: 0.0767s/iter; left time: 15900.1958s
Epoch: 4 cost time: 167.1360445022583
Epoch: 4 | Train Loss: 0.5263670 Vali Loss: 1.9934591 Test Loss: 0.4795718 MAE Loss: 0.4920130
EarlyStopping counter: 2 out of 3
Updating learning rate to 4.9999999999999914e-05
	iters: 100, epoch: 5 | loss: 0.5035836
	speed: 0.5634s/iter; left time: 116765.9018s
	iters: 200, epoch: 5 | loss: 0.6292433
	speed: 0.0768s/iter; left time: 15904.6376s
	iters: 300, epoch: 5 | loss: 0.5035838
	speed: 0.0768s/iter; left time: 15905.5313s
	iters: 400, epoch: 5 | loss: 0.4279140
	speed: 0.0766s/iter; left time: 15861.9776s
	iters: 500, epoch: 5 | loss: 0.5004370
	speed: 0.0767s/iter; left time: 15872.5823s
	iters: 600, epoch: 5 | loss: 0.5793073
	speed: 0.0767s/iter; left time: 15859.0465s
	iters: 700, epoch: 5 | loss: 0.5232357
	speed: 0.0769s/iter; left time: 15892.4291s
	iters: 800, epoch: 5 | loss: 0.5654945
	speed: 0.0767s/iter; left time: 15849.8163s
	iters: 900, epoch: 5 | loss: 0.5077894
	speed: 0.0769s/iter; left time: 15871.1789s
	iters: 1000, epoch: 5 | loss: 0.5531852
	speed: 0.0768s/iter; left time: 15846.7542s
	iters: 1100, epoch: 5 | loss: 0.4301291
	speed: 0.0768s/iter; left time: 15842.7569s
	iters: 1200, epoch: 5 | loss: 0.4547840
	speed: 0.0767s/iter; left time: 15803.6419s
	iters: 1300, epoch: 5 | loss: 0.5738481
	speed: 0.0768s/iter; left time: 15819.4554s
	iters: 1400, epoch: 5 | loss: 0.7523518
	speed: 0.0766s/iter; left time: 15779.9116s
	iters: 1500, epoch: 5 | loss: 0.5832659
	speed: 0.0769s/iter; left time: 15840.0384s
	iters: 1600, epoch: 5 | loss: 0.4420463
	speed: 0.0768s/iter; left time: 15802.9139s
	iters: 1700, epoch: 5 | loss: 0.4891191
	speed: 0.0768s/iter; left time: 15789.4012s
	iters: 1800, epoch: 5 | loss: 0.4735664
	speed: 0.0769s/iter; left time: 15809.0280s
	iters: 1900, epoch: 5 | loss: 0.4414339
	speed: 0.0767s/iter; left time: 15756.0471s
	iters: 2000, epoch: 5 | loss: 0.4388286
	speed: 0.0769s/iter; left time: 15783.6212s
	iters: 2100, epoch: 5 | loss: 0.4191299
	speed: 0.0767s/iter; left time: 15734.7487s
Epoch: 5 cost time: 165.97266507148743
Epoch: 5 | Train Loss: 0.5168670 Vali Loss: 1.8979855 Test Loss: 0.4993520 MAE Loss: 0.4971662
EarlyStopping counter: 3 out of 3
Early stopping
[W826 01:50:17.910192200 AllocatorConfig.cpp:28] Warning: PYTORCH_CUDA_ALLOC_CONF is deprecated, use PYTORCH_ALLOC_CONF instead (function operator())
